
   FAIL  Tests\Unit\AttendanceServiceTest
  Γ¿» check in throws when open session exists
  Γ¿» check out throws without open session
  Γ¿» check out calculates hours and overtime

   FAIL  Tests\Unit\AuthServiceTest
  Γ¿» login updates last login and returns token metadata
  Γ¿» login rejects invalid credentials
  Γ¿» login rejects suspended company
  Γ¿» login rejects archived employee                                      8.32s  

   FAIL  Tests\Unit\EstimationServiceTest
  Γ¿» daily summary from log returns absent defaults
  Γ¿» quick estimate uses schedule work days
  Γ¿» quick estimate uses hr template deduction rate when available

   PASS  Tests\Unit\ExampleTest
  Γ£ô that true is true                                                    0.18s  

   FAIL  Tests\Feature\Attendance\CheckInTest
  Γ¿» employee can check in and uses server time
  Γ¿» employee cannot check in twice without check out
  Γ¿» late status when check in after tolerance

   FAIL  Tests\Feature\Attendance\CheckOutTest
  Γ¿» cannot check out without check in
  Γ¿» employee can check out and hours are calculated

   FAIL  Tests\Feature\Attendance\TodayAndHistoryTest
  Γ¿» today endpoint returns self status for employee
  Γ¿» employee history returns only self
  Γ¿» manager keeps personal today status without blocking on team data
  Γ¿» manager can load team overview separately
  Γ¿» manager history defaults to self when no employee id is given
  Γ¿» tenant isolation on attendance history

   FAIL  Tests\Feature\AuthLoginGuardrailsTest
  Γ¿» login rejects archived employee
  Γ¿» login rejects when company is suspended

   FAIL  Tests\Feature\AuthLoginTest
  Γ¿» login returns token
  Γ¿» login rejects invalid credentials

   FAIL  Tests\Feature\AuthMeLogoutTest
  Γ¿» me returns authenticated employee
  Γ¿» logout revokes current token
  Γ¿» archived employee token is blocked by tenant middleware
  Γ¿» company suspension revokes employee tokens

   FAIL  Tests\Feature\AuthProfileSettingsTest
  Γ¿» employee can update own profile                                     14.89s  
  Γ¿» employee can change password with current password                  14.18s  
  Γ¿» change password revokes other tokens but keeps current one
  Γ¿» employee cannot change password with wrong current password         14.81s  

   FAIL  Tests\Feature\BiometricWorkflowTest
  Γ¿» employee biometric request requires manager approval before activation
  Γ¿» kiosk can check in employee with approved biometrics
  Γ¿» kiosk can sync offline events and fetch roster

   FAIL  Tests\Feature\Contracts\MobilePayloadContractTest
  Γ¿» auth me payload matches mobile contract
  Γ¿» attendance today manager payload matches mobile contract for personal pointage
  Γ¿» attendance team overview payload matches mobile contract
  Γ¿» employees index payload matches mobile contract

   FAIL  Tests\Feature\EmployeeInvitationOnboardingTest
  Γ¿» manager can create hr with invitation and biometric fields          14.38s  
  Γ¿» invited employee can activate account from link                     14.75s  

   FAIL  Tests\Feature\EmployeesRbacTest
  Γ¿» manager can list employees but sees only company scope              10.89s  
  Γ¿» employee cannot list employees                                       8.22s  
  Γ¿» employee can view self but not others                                9.81s  
  Γ¿» manager can archive other employee but not self                      7.19s  
  Γ¿» manager can create employee and company id is injected               6.22s  
  Γ¿» manager cannot create employee with email used by another company    9.44s  
  Γ¿» manager can create employee with matricule used by another company   9.14s  
  Γ¿» manager cannot update employee to duplicate email within same compΓÇª 11.46s  
  Γ¿» manager cannot update employee to duplicate matricule within sameΓÇª  12.27s  
  Γ¿» employee can update self profile but role is ignored                 8.49s  

   FAIL  Tests\Feature\Estimation\DailySummaryTest
  Γ¿» returns zero for absent day                                          8.11s  
  Γ¿» returns daily summary with overtime                                  7.31s  
  Γ¿» employee cannot view other employee summary                          8.78s  
  Γ¿» manager can view any employee summary                                9.72s  

   FAIL  Tests\Feature\Estimation\QuickEstimateTest
  Γ¿» manager can get quick estimate with dz deduction                     6.26s  
  Γ¿» employee cannot access quick estimate                                9.09s  
  Γ¿» quick estimate rejects periods longer than 365 days                  6.67s  

   FAIL  Tests\Feature\Estimation\ReceiptPdfTest
  Γ¿» manager can download receipt pdf and contains disclaimer             7.57s  
  Γ¿» employee cannot download receipt pdf                                11.35s  

   FAIL  Tests\Feature\Estimation\TenantIsolationTest
  Γ¿» manager cannot access foreign tenant estimation endpoints            4.70s  

   PASS  Tests\Feature\ExampleTest
  Γ£ô the application returns a successful response                        7.23s  

   PASS  Tests\Feature\HealthEndpointTest
  Γ£ô health endpoint returns ok                                           1.23s  

   PASS  Tests\Feature\MigrationSafetyTest
  Γ£ô migrations are safe from accidental drops                            1.23s  

   FAIL  Tests\Feature\PlanFeatureGateTest
  Γ¿» starter plan cannot use biometric kiosk routes                       5.34s  

   FAIL  Tests\Feature\PlatformCompanyProvisioningTest
  Γ¿» super admin can create company and principal manager                10.04s  
  Γ¿» super admin api login returns token                                  9.97s  

   FAIL  Tests\Feature\TenantIsolationTest
  Γ¿» employee scope only returns current company rows                     2.77s  
  Γ£ô creating hook auto injects company id                                2.34s  

   FAIL  Tests\Feature\WebAuthPagesTest
  Γ£ô guest is redirected to login for dashboard                           8.45s  
  Γ¿» manager can login to web dashboard                                   5.90s  
  Γ¿» employee cannot login to web dashboard                              12.54s  
  Γ¿» suspended company is blocked from web login                          8.20s  

   FAIL  Tests\Feature\WebManagerPagesTest
  Γ¿» manager can open dashboard                                           7.50s  
  Γ¿» employee is forbidden from dashboard                                 7.20s  
  Γ¿» guest is redirected from employee pages                             10.89s  
  Γ¿» manager can open employee detail and download pdf                    7.39s  
  Γ¿» employee is forbidden from other manager pages                       5.96s  
  Γ¿» manager cannot open employee from other company                      6.08s  
  ΓöÇΓöÇΓöÇΓöÇΓöÇΓöÇΓöÇΓöÇΓöÇΓöÇΓöÇΓöÇΓöÇΓöÇΓöÇΓöÇΓöÇΓöÇΓöÇΓöÇΓöÇΓöÇΓöÇΓöÇΓöÇΓöÇΓöÇΓöÇΓöÇΓöÇΓöÇΓöÇΓöÇΓöÇΓöÇΓöÇΓöÇΓöÇΓöÇΓöÇΓöÇΓöÇΓöÇΓöÇΓöÇΓöÇΓöÇΓöÇΓöÇΓöÇΓöÇΓöÇΓöÇΓöÇΓöÇΓöÇΓöÇΓöÇΓöÇΓöÇΓöÇΓöÇΓöÇΓöÇΓöÇΓöÇΓöÇΓöÇΓöÇΓöÇΓöÇΓöÇΓöÇΓöÇΓöÇΓöÇ  
   FAILED  Tests\Unit\AttendanceServiceTest > check in throwΓÇª  QueryException   
  SQLSTATE[42P01]: Undefined table: 7 ERROR:  relation "attendance_logs" does not exist (Connection: pgsql, SQL: create index "attendance_logs_company_id_index" on "attendance_logs" ("company_id"))

  at vendor/laravel/framework/src/Illuminate/Database/Connection.php:571
    567Γûò             $this->bindValues($statement, $this->prepareBindings($bindings));
    568Γûò 
    569Γûò             $this->recordsHaveBeenModified();
    570Γûò 
  Γ₧£ 571Γûò             return $statement->execute();
    572Γûò         });
    573Γûò     }
    574Γûò 
    575Γûò     /**

      [2m+8 vendor frames [22m
  9   tests/Support/CreatesMvpSchema.php:123
  10  tests/Unit/AttendanceServiceTest.php:25

  ΓöÇΓöÇΓöÇΓöÇΓöÇΓöÇΓöÇΓöÇΓöÇΓöÇΓöÇΓöÇΓöÇΓöÇΓöÇΓöÇΓöÇΓöÇΓöÇΓöÇΓöÇΓöÇΓöÇΓöÇΓöÇΓöÇΓöÇΓöÇΓöÇΓöÇΓöÇΓöÇΓöÇΓöÇΓöÇΓöÇΓöÇΓöÇΓöÇΓöÇΓöÇΓöÇΓöÇΓöÇΓöÇΓöÇΓöÇΓöÇΓöÇΓöÇΓöÇΓöÇΓöÇΓöÇΓöÇΓöÇΓöÇΓöÇΓöÇΓöÇΓöÇΓöÇΓöÇΓöÇΓöÇΓöÇΓöÇΓöÇΓöÇΓöÇΓöÇΓöÇΓöÇΓöÇΓöÇΓöÇ  
   FAILED  Tests\Unit\AttendanceServiceTest > check out throΓÇª  QueryException   
  SQLSTATE[42P01]: Undefined table: 7 ERROR:  relation "biometric_enrollment_requests" does not exist (Connection: pgsql, SQL: create index "biometric_enrollment_requests_employee_id_index" on "biometric_enrollment_requests" ("employee_id"))

  at vendor/laravel/framework/src/Illuminate/Database/Connection.php:571
    567Γûò             $this->bindValues($statement, $this->prepareBindings($bindings));
    568Γûò 
    569Γûò             $this->recordsHaveBeenModified();
    570Γûò 
  Γ₧£ 571Γûò             return $statement->execute();
    572Γûò         });
    573Γûò     }
    574Γûò 
    575Γûò     /**

      [2m+8 vendor frames [22m
  9   tests/Support/CreatesMvpSchema.php:149
  10  tests/Unit/AttendanceServiceTest.php:25

  ΓöÇΓöÇΓöÇΓöÇΓöÇΓöÇΓöÇΓöÇΓöÇΓöÇΓöÇΓöÇΓöÇΓöÇΓöÇΓöÇΓöÇΓöÇΓöÇΓöÇΓöÇΓöÇΓöÇΓöÇΓöÇΓöÇΓöÇΓöÇΓöÇΓöÇΓöÇΓöÇΓöÇΓöÇΓöÇΓöÇΓöÇΓöÇΓöÇΓöÇΓöÇΓöÇΓöÇΓöÇΓöÇΓöÇΓöÇΓöÇΓöÇΓöÇΓöÇΓöÇΓöÇΓöÇΓöÇΓöÇΓöÇΓöÇΓöÇΓöÇΓöÇΓöÇΓöÇΓöÇΓöÇΓöÇΓöÇΓöÇΓöÇΓöÇΓöÇΓöÇΓöÇΓöÇΓöÇΓöÇ  
   FAILED  Tests\Unit\AttendanceServiceTΓÇª  UniqueConstraintViolationException   
  SQLSTATE[23505]: Unique violation: 7 ERROR:  duplicate key value violates unique constraint "pg_type_typname_nsp_index"
DETAIL:  Key (typname, typnamespace)=(plans, 2200) already exists. (Connection: pgsql, SQL: create table "plans" ("id" serial not null primary key, "name" varchar(50) not null, "price_monthly" decimal(10, 2) not null default '0', "price_yearly" decimal(10, 2) not null default '0', "max_employees" integer null, "features" json null, "trial_days" smallint not null default '14', "is_active" boolean not null default '1'))

  at vendor/laravel/framework/src/Illuminate/Database/Connection.php:571
    567Γûò             $this->bindValues($statement, $this->prepareBindings($bindings));
    568Γûò 
    569Γûò             $this->recordsHaveBeenModified();
    570Γûò 
  Γ₧£ 571Γûò             return $statement->execute();
    572Γûò         });
    573Γûò     }
    574Γûò 
    575Γûò     /**

      [2m+8 vendor frames [22m
  9   tests/Support/CreatesMvpSchema.php:20
  10  tests/Unit/AttendanceServiceTest.php:25

  ΓöÇΓöÇΓöÇΓöÇΓöÇΓöÇΓöÇΓöÇΓöÇΓöÇΓöÇΓöÇΓöÇΓöÇΓöÇΓöÇΓöÇΓöÇΓöÇΓöÇΓöÇΓöÇΓöÇΓöÇΓöÇΓöÇΓöÇΓöÇΓöÇΓöÇΓöÇΓöÇΓöÇΓöÇΓöÇΓöÇΓöÇΓöÇΓöÇΓöÇΓöÇΓöÇΓöÇΓöÇΓöÇΓöÇΓöÇΓöÇΓöÇΓöÇΓöÇΓöÇΓöÇΓöÇΓöÇΓöÇΓöÇΓöÇΓöÇΓöÇΓöÇΓöÇΓöÇΓöÇΓöÇΓöÇΓöÇΓöÇΓöÇΓöÇΓöÇΓöÇΓöÇΓöÇΓöÇΓöÇ  
   FAILED  Tests\Unit\AuthServiceTest > login updates last lΓÇª  QueryException   
  SQLSTATE[42P07]: Duplicate table: 7 ERROR:  relation "employees" already exists (Connection: pgsql, SQL: create table "employees" ("id" serial not null primary key, "company_id" uuid not null, "schedule_id" integer null, "matricule" varchar(20) null, "zkteco_id" varchar(50) null, "first_name" varchar(100) null, "middle_name" varchar(100) null, "last_name" varchar(100) null, "preferred_name" varchar(100) null, "email" varchar(150) not null, "personal_email" varchar(150) null, "phone" varchar(30) null, "password_hash" varchar(255) not null, "date_of_birth" date null, "place_of_birth" varchar(120) null, "gender" char(1) null, "nationality" char(2) null, "marital_status" varchar(30) null, "address_line" varchar(255) null, "postal_code" varchar(20) null, "contract_type" varchar(20) not null default 'CDI', "contract_start" date not null default CURRENT_DATE, "contract_end" date null, "salary_type" varchar(20) not null default 'fixed', "salary_base" decimal(10, 2) not null default '0', "hourly_rate" decimal(10, 2) not null default '0', "role" varchar(20) not null default 'employee', "manager_role" varchar(30) null, "manager_id" integer null, "status" varchar(20) not null default 'active', "photo_path" varchar(255) null, "biometric_face_enabled" boolean not null default '0', "biometric_fingerprint_enabled" boolean not null default '0', "biometric_face_reference_path" varchar(255) null, "biometric_fingerprint_reference_path" varchar(255) null, "biometric_consent_at" timestamp(0) with time zone null, "invitation_accepted_at" timestamp(0) with time zone null, "emergency_contact_name" varchar(150) null, "emergency_contact_phone" varchar(30) null, "emergency_contact_relation" varchar(60) null, "last_login_at" timestamp(0) with time zone null, "email_verified_at" timestamp(0) with time zone null, "extra_data" json null, "created_at" timestamp(0) without time zone null, "updated_at" timestamp(0) without time zone null))

  at vendor/laravel/framework/src/Illuminate/Database/Connection.php:571
    567Γûò             $this->bindValues($statement, $this->prepareBindings($bindings));
    568Γûò 
    569Γûò             $this->recordsHaveBeenModified();
    570Γûò 
  Γ₧£ 571Γûò             return $statement->execute();
    572Γûò         });
    573Γûò     }
    574Γûò 
    575Γûò     /**

      [2m+8 vendor frames [22m
  9   tests/Support/CreatesMvpSchema.php:73
  10  tests/Unit/AuthServiceTest.php:23

  ΓöÇΓöÇΓöÇΓöÇΓöÇΓöÇΓöÇΓöÇΓöÇΓöÇΓöÇΓöÇΓöÇΓöÇΓöÇΓöÇΓöÇΓöÇΓöÇΓöÇΓöÇΓöÇΓöÇΓöÇΓöÇΓöÇΓöÇΓöÇΓöÇΓöÇΓöÇΓöÇΓöÇΓöÇΓöÇΓöÇΓöÇΓöÇΓöÇΓöÇΓöÇΓöÇΓöÇΓöÇΓöÇΓöÇΓöÇΓöÇΓöÇΓöÇΓöÇΓöÇΓöÇΓöÇΓöÇΓöÇΓöÇΓöÇΓöÇΓöÇΓöÇΓöÇΓöÇΓöÇΓöÇΓöÇΓöÇΓöÇΓöÇΓöÇΓöÇΓöÇΓöÇΓöÇΓöÇΓöÇ  
   FAILED  Tests\Unit\AuthServiceTest > login rejects invaliΓÇª  QueryException   
  SQLSTATE[42P01]: Undefined table: 7 ERROR:  relation "employees" does not exist (Connection: pgsql, SQL: alter table "employees" add constraint "employees_company_id_matricule_unique" unique ("company_id", "matricule"))

  at vendor/laravel/framework/src/Illuminate/Database/Connection.php:571
    567Γûò             $this->bindValues($statement, $this->prepareBindings($bindings));
    568Γûò 
    569Γûò             $this->recordsHaveBeenModified();
    570Γûò 
  Γ₧£ 571Γûò             return $statement->execute();
    572Γûò         });
    573Γûò     }
    574Γûò 
    575Γûò     /**

      [2m+8 vendor frames [22m
  9   tests/Support/CreatesMvpSchema.php:73
  10  tests/Unit/AuthServiceTest.php:23

  ΓöÇΓöÇΓöÇΓöÇΓöÇΓöÇΓöÇΓöÇΓöÇΓöÇΓöÇΓöÇΓöÇΓöÇΓöÇΓöÇΓöÇΓöÇΓöÇΓöÇΓöÇΓöÇΓöÇΓöÇΓöÇΓöÇΓöÇΓöÇΓöÇΓöÇΓöÇΓöÇΓöÇΓöÇΓöÇΓöÇΓöÇΓöÇΓöÇΓöÇΓöÇΓöÇΓöÇΓöÇΓöÇΓöÇΓöÇΓöÇΓöÇΓöÇΓöÇΓöÇΓöÇΓöÇΓöÇΓöÇΓöÇΓöÇΓöÇΓöÇΓöÇΓöÇΓöÇΓöÇΓöÇΓöÇΓöÇΓöÇΓöÇΓöÇΓöÇΓöÇΓöÇΓöÇΓöÇΓöÇ  
   FAILED  Tests\Unit\AuthServiceTest > login rejects suspenΓÇª  QueryException   
  SQLSTATE[42P07]: Duplicate table: 7 ERROR:  relation "schedules" already exists (Connection: pgsql, SQL: create table "schedules" ("id" serial not null primary key, "company_id" uuid null, "name" varchar(100) not null, "start_time" time(0) without time zone not null, "end_time" time(0) without time zone not null, "break_minutes" smallint not null default '60', "work_days" json null, "late_tolerance_minutes" smallint not null default '15', "overtime_threshold_daily" decimal(4, 2) not null default '8', "overtime_threshold_weekly" decimal(5, 2) not null default '40', "is_default" boolean not null default '0', "created_at" timestamp(0) without time zone null, "updated_at" timestamp(0) without time zone null))

  at vendor/laravel/framework/src/Illuminate/Database/Connection.php:571
    567Γûò             $this->bindValues($statement, $this->prepareBindings($bindings));
    568Γûò 
    569Γûò             $this->recordsHaveBeenModified();
    570Γûò 
  Γ₧£ 571Γûò             return $statement->execute();
    572Γûò         });
    573Γûò     }
    574Γûò 
    575Γûò     /**

      [2m+8 vendor frames [22m
  9   tests/Support/CreatesMvpSchema.php:58
  10  tests/Unit/AuthServiceTest.php:23

  ΓöÇΓöÇΓöÇΓöÇΓöÇΓöÇΓöÇΓöÇΓöÇΓöÇΓöÇΓöÇΓöÇΓöÇΓöÇΓöÇΓöÇΓöÇΓöÇΓöÇΓöÇΓöÇΓöÇΓöÇΓöÇΓöÇΓöÇΓöÇΓöÇΓöÇΓöÇΓöÇΓöÇΓöÇΓöÇΓöÇΓöÇΓöÇΓöÇΓöÇΓöÇΓöÇΓöÇΓöÇΓöÇΓöÇΓöÇΓöÇΓöÇΓöÇΓöÇΓöÇΓöÇΓöÇΓöÇΓöÇΓöÇΓöÇΓöÇΓöÇΓöÇΓöÇΓöÇΓöÇΓöÇΓöÇΓöÇΓöÇΓöÇΓöÇΓöÇΓöÇΓöÇΓöÇΓöÇΓöÇ  
   FAILED  Tests\Unit\AuthServiceTest > login rejects archivΓÇª  QueryException   
  SQLSTATE[42P01]: Undefined table: 7 ERROR:  relation "companies" does not exist
LINE 1: insert into "companies" ("name", "slug", "sector", "country"...
                    ^ (Connection: pgsql, SQL: insert into "companies" ("name", "slug", "sector", "country", "city", "email", "schema_name", "tenancy_type", "status", "id", "updated_at", "created_at") values (Company A, company-a, restaurant, DZ, Alger, a@company.test, shared_tenants, shared, active, a1948e62-3261-41f9-a732-83940f3aef92, 2026-04-19 10:22:40, 2026-04-19 10:22:40))

  at vendor/laravel/framework/src/Illuminate/Database/Connection.php:571
    567Γûò             $this->bindValues($statement, $this->prepareBindings($bindings));
    568Γûò 
    569Γûò             $this->recordsHaveBeenModified();
    570Γûò 
  Γ₧£ 571Γûò             return $statement->execute();
    572Γûò         });
    573Γûò     }
    574Γûò 
    575Γûò     /**

      [2m+12 vendor frames [22m
  13  tests/Unit/AuthServiceTest.php:125

  ΓöÇΓöÇΓöÇΓöÇΓöÇΓöÇΓöÇΓöÇΓöÇΓöÇΓöÇΓöÇΓöÇΓöÇΓöÇΓöÇΓöÇΓöÇΓöÇΓöÇΓöÇΓöÇΓöÇΓöÇΓöÇΓöÇΓöÇΓöÇΓöÇΓöÇΓöÇΓöÇΓöÇΓöÇΓöÇΓöÇΓöÇΓöÇΓöÇΓöÇΓöÇΓöÇΓöÇΓöÇΓöÇΓöÇΓöÇΓöÇΓöÇΓöÇΓöÇΓöÇΓöÇΓöÇΓöÇΓöÇΓöÇΓöÇΓöÇΓöÇΓöÇΓöÇΓöÇΓöÇΓöÇΓöÇΓöÇΓöÇΓöÇΓöÇΓöÇΓöÇΓöÇΓöÇΓöÇΓöÇ  
   FAILED  Tests\Unit\EstimationServiceTest > daily summaryΓÇª   QueryException   
  SQLSTATE[42P01]: Undefined table: 7 ERROR:  relation "attendance_logs" does not exist (Connection: pgsql, SQL: alter table "attendance_logs" add constraint "attendance_logs_external_event_id_unique" unique ("external_event_id"))

  at vendor/laravel/framework/src/Illuminate/Database/Connection.php:571
    567Γûò             $this->bindValues($statement, $this->prepareBindings($bindings));
    568Γûò 
    569Γûò             $this->recordsHaveBeenModified();
    570Γûò 
  Γ₧£ 571Γûò             return $statement->execute();
    572Γûò         });
    573Γûò     }
    574Γûò 
    575Γûò     /**

      [2m+8 vendor frames [22m
  9   tests/Support/CreatesMvpSchema.php:123
  10  tests/Unit/EstimationServiceTest.php:25

  ΓöÇΓöÇΓöÇΓöÇΓöÇΓöÇΓöÇΓöÇΓöÇΓöÇΓöÇΓöÇΓöÇΓöÇΓöÇΓöÇΓöÇΓöÇΓöÇΓöÇΓöÇΓöÇΓöÇΓöÇΓöÇΓöÇΓöÇΓöÇΓöÇΓöÇΓöÇΓöÇΓöÇΓöÇΓöÇΓöÇΓöÇΓöÇΓöÇΓöÇΓöÇΓöÇΓöÇΓöÇΓöÇΓöÇΓöÇΓöÇΓöÇΓöÇΓöÇΓöÇΓöÇΓöÇΓöÇΓöÇΓöÇΓöÇΓöÇΓöÇΓöÇΓöÇΓöÇΓöÇΓöÇΓöÇΓöÇΓöÇΓöÇΓöÇΓöÇΓöÇΓöÇΓöÇΓöÇΓöÇ  
   FAILED  Tests\Unit\EstimationServiceTΓÇª  UniqueConstraintViolationException   
  SQLSTATE[23505]: Unique violation: 7 ERROR:  duplicate key value violates unique constraint "pg_type_typname_nsp_index"
DETAIL:  Key (typname, typnamespace)=(plans, 2200) already exists. (Connection: pgsql, SQL: create table "plans" ("id" serial not null primary key, "name" varchar(50) not null, "price_monthly" decimal(10, 2) not null default '0', "price_yearly" decimal(10, 2) not null default '0', "max_employees" integer null, "features" json null, "trial_days" smallint not null default '14', "is_active" boolean not null default '1'))

  at vendor/laravel/framework/src/Illuminate/Database/Connection.php:571
    567Γûò             $this->bindValues($statement, $this->prepareBindings($bindings));
    568Γûò 
    569Γûò             $this->recordsHaveBeenModified();
    570Γûò 
  Γ₧£ 571Γûò             return $statement->execute();
    572Γûò         });
    573Γûò     }
    574Γûò 
    575Γûò     /**

      [2m+8 vendor frames [22m
  9   tests/Support/CreatesMvpSchema.php:20
  10  tests/Unit/EstimationServiceTest.php:25

  ΓöÇΓöÇΓöÇΓöÇΓöÇΓöÇΓöÇΓöÇΓöÇΓöÇΓöÇΓöÇΓöÇΓöÇΓöÇΓöÇΓöÇΓöÇΓöÇΓöÇΓöÇΓöÇΓöÇΓöÇΓöÇΓöÇΓöÇΓöÇΓöÇΓöÇΓöÇΓöÇΓöÇΓöÇΓöÇΓöÇΓöÇΓöÇΓöÇΓöÇΓöÇΓöÇΓöÇΓöÇΓöÇΓöÇΓöÇΓöÇΓöÇΓöÇΓöÇΓöÇΓöÇΓöÇΓöÇΓöÇΓöÇΓöÇΓöÇΓöÇΓöÇΓöÇΓöÇΓöÇΓöÇΓöÇΓöÇΓöÇΓöÇΓöÇΓöÇΓöÇΓöÇΓöÇΓöÇΓöÇ  
   FAILED  Tests\Unit\EstimationServiceTest > quick estimateΓÇª  QueryException   
  SQLSTATE[42P01]: Undefined table: 7 ERROR:  relation "employees" does not exist (Connection: pgsql, SQL: alter table "employees" add constraint "employees_company_id_matricule_unique" unique ("company_id", "matricule"))

  at vendor/laravel/framework/src/Illuminate/Database/Connection.php:571
    567Γûò             $this->bindValues($statement, $this->prepareBindings($bindings));
    568Γûò 
    569Γûò             $this->recordsHaveBeenModified();
    570Γûò 
  Γ₧£ 571Γûò             return $statement->execute();
    572Γûò         });
    573Γûò     }
    574Γûò 
    575Γûò     /**

      [2m+8 vendor frames [22m
  9   tests/Support/CreatesMvpSchema.php:73
  10  tests/Unit/EstimationServiceTest.php:25

  ΓöÇΓöÇΓöÇΓöÇΓöÇΓöÇΓöÇΓöÇΓöÇΓöÇΓöÇΓöÇΓöÇΓöÇΓöÇΓöÇΓöÇΓöÇΓöÇΓöÇΓöÇΓöÇΓöÇΓöÇΓöÇΓöÇΓöÇΓöÇΓöÇΓöÇΓöÇΓöÇΓöÇΓöÇΓöÇΓöÇΓöÇΓöÇΓöÇΓöÇΓöÇΓöÇΓöÇΓöÇΓöÇΓöÇΓöÇΓöÇΓöÇΓöÇΓöÇΓöÇΓöÇΓöÇΓöÇΓöÇΓöÇΓöÇΓöÇΓöÇΓöÇΓöÇΓöÇΓöÇΓöÇΓöÇΓöÇΓöÇΓöÇΓöÇΓöÇΓöÇΓöÇΓöÇΓöÇΓöÇ  
   FAILED  Tests\Feature\Attendance\CheckInTest > employee cΓÇª  QueryException   
  SQLSTATE[42P01]: Undefined table: 7 ERROR:  relation "biometric_enrollment_requests" does not exist (Connection: pgsql, SQL: create index "biometric_enrollment_requests_employee_id_index" on "biometric_enrollment_requests" ("employee_id"))

  at vendor/laravel/framework/src/Illuminate/Database/Connection.php:571
    567Γûò             $this->bindValues($statement, $this->prepareBindings($bindings));
    568Γûò 
    569Γûò             $this->recordsHaveBeenModified();
    570Γûò 
  Γ₧£ 571Γûò             return $statement->execute();
    572Γûò         });
    573Γûò     }
    574Γûò 
    575Γûò     /**

      [2m+8 vendor frames [22m
  9   tests/Support/CreatesMvpSchema.php:149
  10  tests/Feature/Attendance/CheckInTest.php:22

  ΓöÇΓöÇΓöÇΓöÇΓöÇΓöÇΓöÇΓöÇΓöÇΓöÇΓöÇΓöÇΓöÇΓöÇΓöÇΓöÇΓöÇΓöÇΓöÇΓöÇΓöÇΓöÇΓöÇΓöÇΓöÇΓöÇΓöÇΓöÇΓöÇΓöÇΓöÇΓöÇΓöÇΓöÇΓöÇΓöÇΓöÇΓöÇΓöÇΓöÇΓöÇΓöÇΓöÇΓöÇΓöÇΓöÇΓöÇΓöÇΓöÇΓöÇΓöÇΓöÇΓöÇΓöÇΓöÇΓöÇΓöÇΓöÇΓöÇΓöÇΓöÇΓöÇΓöÇΓöÇΓöÇΓöÇΓöÇΓöÇΓöÇΓöÇΓöÇΓöÇΓöÇΓöÇΓöÇΓöÇ  
   FAILED  Tests\Feature\Attendance\ChecΓÇª  UniqueConstraintViolationException   
  SQLSTATE[23505]: Unique violation: 7 ERROR:  duplicate key value violates unique constraint "pg_type_typname_nsp_index"
DETAIL:  Key (typname, typnamespace)=(plans, 2200) already exists. (Connection: pgsql, SQL: create table "plans" ("id" serial not null primary key, "name" varchar(50) not null, "price_monthly" decimal(10, 2) not null default '0', "price_yearly" decimal(10, 2) not null default '0', "max_employees" integer null, "features" json null, "trial_days" smallint not null default '14', "is_active" boolean not null default '1'))

  at vendor/laravel/framework/src/Illuminate/Database/Connection.php:571
    567Γûò             $this->bindValues($statement, $this->prepareBindings($bindings));
    568Γûò 
    569Γûò             $this->recordsHaveBeenModified();
    570Γûò 
  Γ₧£ 571Γûò             return $statement->execute();
    572Γûò         });
    573Γûò     }
    574Γûò 
    575Γûò     /**

      [2m+8 vendor frames [22m
  9   tests/Support/CreatesMvpSchema.php:20
  10  tests/Feature/Attendance/CheckInTest.php:22

  ΓöÇΓöÇΓöÇΓöÇΓöÇΓöÇΓöÇΓöÇΓöÇΓöÇΓöÇΓöÇΓöÇΓöÇΓöÇΓöÇΓöÇΓöÇΓöÇΓöÇΓöÇΓöÇΓöÇΓöÇΓöÇΓöÇΓöÇΓöÇΓöÇΓöÇΓöÇΓöÇΓöÇΓöÇΓöÇΓöÇΓöÇΓöÇΓöÇΓöÇΓöÇΓöÇΓöÇΓöÇΓöÇΓöÇΓöÇΓöÇΓöÇΓöÇΓöÇΓöÇΓöÇΓöÇΓöÇΓöÇΓöÇΓöÇΓöÇΓöÇΓöÇΓöÇΓöÇΓöÇΓöÇΓöÇΓöÇΓöÇΓöÇΓöÇΓöÇΓöÇΓöÇΓöÇΓöÇΓöÇ  
   FAILED  Tests\Feature\Attendance\CheckInTest > late statuΓÇª  QueryException   
  SQLSTATE[42P01]: Undefined table: 7 ERROR:  relation "attendance_logs" does not exist (Connection: pgsql, SQL: create index "attendance_logs_employee_id_date_index" on "attendance_logs" ("employee_id", "date"))

  at vendor/laravel/framework/src/Illuminate/Database/Connection.php:571
    567Γûò             $this->bindValues($statement, $this->prepareBindings($bindings));
    568Γûò 
    569Γûò             $this->recordsHaveBeenModified();
    570Γûò 
  Γ₧£ 571Γûò             return $statement->execute();
    572Γûò         });
    573Γûò     }
    574Γûò 
    575Γûò     /**

      [2m+8 vendor frames [22m
  9   tests/Support/CreatesMvpSchema.php:123
  10  tests/Feature/Attendance/CheckInTest.php:22

  ΓöÇΓöÇΓöÇΓöÇΓöÇΓöÇΓöÇΓöÇΓöÇΓöÇΓöÇΓöÇΓöÇΓöÇΓöÇΓöÇΓöÇΓöÇΓöÇΓöÇΓöÇΓöÇΓöÇΓöÇΓöÇΓöÇΓöÇΓöÇΓöÇΓöÇΓöÇΓöÇΓöÇΓöÇΓöÇΓöÇΓöÇΓöÇΓöÇΓöÇΓöÇΓöÇΓöÇΓöÇΓöÇΓöÇΓöÇΓöÇΓöÇΓöÇΓöÇΓöÇΓöÇΓöÇΓöÇΓöÇΓöÇΓöÇΓöÇΓöÇΓöÇΓöÇΓöÇΓöÇΓöÇΓöÇΓöÇΓöÇΓöÇΓöÇΓöÇΓöÇΓöÇΓöÇΓöÇΓöÇ  
   FAILED  Tests\Feature\Attendance\CheckOutTest > cannot chΓÇª  QueryException   
  SQLSTATE[42P07]: Duplicate table: 7 ERROR:  relation "employees" already exists (Connection: pgsql, SQL: create table "employees" ("id" serial not null primary key, "company_id" uuid not null, "schedule_id" integer null, "matricule" varchar(20) null, "zkteco_id" varchar(50) null, "first_name" varchar(100) null, "middle_name" varchar(100) null, "last_name" varchar(100) null, "preferred_name" varchar(100) null, "email" varchar(150) not null, "personal_email" varchar(150) null, "phone" varchar(30) null, "password_hash" varchar(255) not null, "date_of_birth" date null, "place_of_birth" varchar(120) null, "gender" char(1) null, "nationality" char(2) null, "marital_status" varchar(30) null, "address_line" varchar(255) null, "postal_code" varchar(20) null, "contract_type" varchar(20) not null default 'CDI', "contract_start" date not null default CURRENT_DATE, "contract_end" date null, "salary_type" varchar(20) not null default 'fixed', "salary_base" decimal(10, 2) not null default '0', "hourly_rate" decimal(10, 2) not null default '0', "role" varchar(20) not null default 'employee', "manager_role" varchar(30) null, "manager_id" integer null, "status" varchar(20) not null default 'active', "photo_path" varchar(255) null, "biometric_face_enabled" boolean not null default '0', "biometric_fingerprint_enabled" boolean not null default '0', "biometric_face_reference_path" varchar(255) null, "biometric_fingerprint_reference_path" varchar(255) null, "biometric_consent_at" timestamp(0) with time zone null, "invitation_accepted_at" timestamp(0) with time zone null, "emergency_contact_name" varchar(150) null, "emergency_contact_phone" varchar(30) null, "emergency_contact_relation" varchar(60) null, "last_login_at" timestamp(0) with time zone null, "email_verified_at" timestamp(0) with time zone null, "extra_data" json null, "created_at" timestamp(0) without time zone null, "updated_at" timestamp(0) without time zone null))

  at vendor/laravel/framework/src/Illuminate/Database/Connection.php:571
    567Γûò             $this->bindValues($statement, $this->prepareBindings($bindings));
    568Γûò 
    569Γûò             $this->recordsHaveBeenModified();
    570Γûò 
  Γ₧£ 571Γûò             return $statement->execute();
    572Γûò         });
    573Γûò     }
    574Γûò 
    575Γûò     /**

      [2m+8 vendor frames [22m
  9   tests/Support/CreatesMvpSchema.php:73
  10  tests/Feature/Attendance/CheckOutTest.php:22

  ΓöÇΓöÇΓöÇΓöÇΓöÇΓöÇΓöÇΓöÇΓöÇΓöÇΓöÇΓöÇΓöÇΓöÇΓöÇΓöÇΓöÇΓöÇΓöÇΓöÇΓöÇΓöÇΓöÇΓöÇΓöÇΓöÇΓöÇΓöÇΓöÇΓöÇΓöÇΓöÇΓöÇΓöÇΓöÇΓöÇΓöÇΓöÇΓöÇΓöÇΓöÇΓöÇΓöÇΓöÇΓöÇΓöÇΓöÇΓöÇΓöÇΓöÇΓöÇΓöÇΓöÇΓöÇΓöÇΓöÇΓöÇΓöÇΓöÇΓöÇΓöÇΓöÇΓöÇΓöÇΓöÇΓöÇΓöÇΓöÇΓöÇΓöÇΓöÇΓöÇΓöÇΓöÇΓöÇΓöÇ  
   FAILED  Tests\Feature\Attendance\CheckOutTest > employeeΓÇª   QueryException   
  SQLSTATE[42P01]: Undefined table: 7 ERROR:  relation "employees" does not exist (Connection: pgsql, SQL: alter table "employees" add constraint "employees_company_id_matricule_unique" unique ("company_id", "matricule"))

  at vendor/laravel/framework/src/Illuminate/Database/Connection.php:571
    567Γûò             $this->bindValues($statement, $this->prepareBindings($bindings));
    568Γûò 
    569Γûò             $this->recordsHaveBeenModified();
    570Γûò 
  Γ₧£ 571Γûò             return $statement->execute();
    572Γûò         });
    573Γûò     }
    574Γûò 
    575Γûò     /**

      [2m+8 vendor frames [22m
  9   tests/Support/CreatesMvpSchema.php:73
  10  tests/Feature/Attendance/CheckOutTest.php:22

  ΓöÇΓöÇΓöÇΓöÇΓöÇΓöÇΓöÇΓöÇΓöÇΓöÇΓöÇΓöÇΓöÇΓöÇΓöÇΓöÇΓöÇΓöÇΓöÇΓöÇΓöÇΓöÇΓöÇΓöÇΓöÇΓöÇΓöÇΓöÇΓöÇΓöÇΓöÇΓöÇΓöÇΓöÇΓöÇΓöÇΓöÇΓöÇΓöÇΓöÇΓöÇΓöÇΓöÇΓöÇΓöÇΓöÇΓöÇΓöÇΓöÇΓöÇΓöÇΓöÇΓöÇΓöÇΓöÇΓöÇΓöÇΓöÇΓöÇΓöÇΓöÇΓöÇΓöÇΓöÇΓöÇΓöÇΓöÇΓöÇΓöÇΓöÇΓöÇΓöÇΓöÇΓöÇΓöÇΓöÇ  
   FAILED  Tests\Feature\Attendance\TodayAndHistoryTest > toΓÇª  QueryException   
  SQLSTATE[42P07]: Duplicate table: 7 ERROR:  relation "employees" already exists (Connection: pgsql, SQL: create table "employees" ("id" serial not null primary key, "company_id" uuid not null, "schedule_id" integer null, "matricule" varchar(20) null, "zkteco_id" varchar(50) null, "first_name" varchar(100) null, "middle_name" varchar(100) null, "last_name" varchar(100) null, "preferred_name" varchar(100) null, "email" varchar(150) not null, "personal_email" varchar(150) null, "phone" varchar(30) null, "password_hash" varchar(255) not null, "date_of_birth" date null, "place_of_birth" varchar(120) null, "gender" char(1) null, "nationality" char(2) null, "marital_status" varchar(30) null, "address_line" varchar(255) null, "postal_code" varchar(20) null, "contract_type" varchar(20) not null default 'CDI', "contract_start" date not null default CURRENT_DATE, "contract_end" date null, "salary_type" varchar(20) not null default 'fixed', "salary_base" decimal(10, 2) not null default '0', "hourly_rate" decimal(10, 2) not null default '0', "role" varchar(20) not null default 'employee', "manager_role" varchar(30) null, "manager_id" integer null, "status" varchar(20) not null default 'active', "photo_path" varchar(255) null, "biometric_face_enabled" boolean not null default '0', "biometric_fingerprint_enabled" boolean not null default '0', "biometric_face_reference_path" varchar(255) null, "biometric_fingerprint_reference_path" varchar(255) null, "biometric_consent_at" timestamp(0) with time zone null, "invitation_accepted_at" timestamp(0) with time zone null, "emergency_contact_name" varchar(150) null, "emergency_contact_phone" varchar(30) null, "emergency_contact_relation" varchar(60) null, "last_login_at" timestamp(0) with time zone null, "email_verified_at" timestamp(0) with time zone null, "extra_data" json null, "created_at" timestamp(0) without time zone null, "updated_at" timestamp(0) without time zone null))

  at vendor/laravel/framework/src/Illuminate/Database/Connection.php:571
    567Γûò             $this->bindValues($statement, $this->prepareBindings($bindings));
    568Γûò 
    569Γûò             $this->recordsHaveBeenModified();
    570Γûò 
  Γ₧£ 571Γûò             return $statement->execute();
    572Γûò         });
    573Γûò     }
    574Γûò 
    575Γûò     /**

      [2m+8 vendor frames [22m
  9   tests/Support/CreatesMvpSchema.php:73
  10  tests/Feature/Attendance/TodayAndHistoryTest.php:21

  ΓöÇΓöÇΓöÇΓöÇΓöÇΓöÇΓöÇΓöÇΓöÇΓöÇΓöÇΓöÇΓöÇΓöÇΓöÇΓöÇΓöÇΓöÇΓöÇΓöÇΓöÇΓöÇΓöÇΓöÇΓöÇΓöÇΓöÇΓöÇΓöÇΓöÇΓöÇΓöÇΓöÇΓöÇΓöÇΓöÇΓöÇΓöÇΓöÇΓöÇΓöÇΓöÇΓöÇΓöÇΓöÇΓöÇΓöÇΓöÇΓöÇΓöÇΓöÇΓöÇΓöÇΓöÇΓöÇΓöÇΓöÇΓöÇΓöÇΓöÇΓöÇΓöÇΓöÇΓöÇΓöÇΓöÇΓöÇΓöÇΓöÇΓöÇΓöÇΓöÇΓöÇΓöÇΓöÇΓöÇ  
   FAILED  Tests\Feature\Attendance\TodayAndHistoryTest > emΓÇª  QueryException   
  SQLSTATE[42P01]: Undefined table: 7 ERROR:  relation "attendance_logs" does not exist (Connection: pgsql, SQL: create index "attendance_logs_employee_id_date_index" on "attendance_logs" ("employee_id", "date"))

  at vendor/laravel/framework/src/Illuminate/Database/Connection.php:571
    567Γûò             $this->bindValues($statement, $this->prepareBindings($bindings));
    568Γûò 
    569Γûò             $this->recordsHaveBeenModified();
    570Γûò 
  Γ₧£ 571Γûò             return $statement->execute();
    572Γûò         });
    573Γûò     }
    574Γûò 
    575Γûò     /**

      [2m+8 vendor frames [22m
  9   tests/Support/CreatesMvpSchema.php:123
  10  tests/Feature/Attendance/TodayAndHistoryTest.php:21

  ΓöÇΓöÇΓöÇΓöÇΓöÇΓöÇΓöÇΓöÇΓöÇΓöÇΓöÇΓöÇΓöÇΓöÇΓöÇΓöÇΓöÇΓöÇΓöÇΓöÇΓöÇΓöÇΓöÇΓöÇΓöÇΓöÇΓöÇΓöÇΓöÇΓöÇΓöÇΓöÇΓöÇΓöÇΓöÇΓöÇΓöÇΓöÇΓöÇΓöÇΓöÇΓöÇΓöÇΓöÇΓöÇΓöÇΓöÇΓöÇΓöÇΓöÇΓöÇΓöÇΓöÇΓöÇΓöÇΓöÇΓöÇΓöÇΓöÇΓöÇΓöÇΓöÇΓöÇΓöÇΓöÇΓöÇΓöÇΓöÇΓöÇΓöÇΓöÇΓöÇΓöÇΓöÇΓöÇΓöÇ  
   FAILED  Tests\Feature\Attendance\TodayAndHistoryTest > maΓÇª  QueryException   
  SQLSTATE[42P07]: Duplicate table: 7 ERROR:  relation "schedules" already exists (Connection: pgsql, SQL: create table "schedules" ("id" serial not null primary key, "company_id" uuid null, "name" varchar(100) not null, "start_time" time(0) without time zone not null, "end_time" time(0) without time zone not null, "break_minutes" smallint not null default '60', "work_days" json null, "late_tolerance_minutes" smallint not null default '15', "overtime_threshold_daily" decimal(4, 2) not null default '8', "overtime_threshold_weekly" decimal(5, 2) not null default '40', "is_default" boolean not null default '0', "created_at" timestamp(0) without time zone null, "updated_at" timestamp(0) without time zone null))

  at vendor/laravel/framework/src/Illuminate/Database/Connection.php:571
    567Γûò             $this->bindValues($statement, $this->prepareBindings($bindings));
    568Γûò 
    569Γûò             $this->recordsHaveBeenModified();
    570Γûò 
  Γ₧£ 571Γûò             return $statement->execute();
    572Γûò         });
    573Γûò     }
    574Γûò 
    575Γûò     /**

      [2m+8 vendor frames [22m
  9   tests/Support/CreatesMvpSchema.php:58
  10  tests/Feature/Attendance/TodayAndHistoryTest.php:21

  ΓöÇΓöÇΓöÇΓöÇΓöÇΓöÇΓöÇΓöÇΓöÇΓöÇΓöÇΓöÇΓöÇΓöÇΓöÇΓöÇΓöÇΓöÇΓöÇΓöÇΓöÇΓöÇΓöÇΓöÇΓöÇΓöÇΓöÇΓöÇΓöÇΓöÇΓöÇΓöÇΓöÇΓöÇΓöÇΓöÇΓöÇΓöÇΓöÇΓöÇΓöÇΓöÇΓöÇΓöÇΓöÇΓöÇΓöÇΓöÇΓöÇΓöÇΓöÇΓöÇΓöÇΓöÇΓöÇΓöÇΓöÇΓöÇΓöÇΓöÇΓöÇΓöÇΓöÇΓöÇΓöÇΓöÇΓöÇΓöÇΓöÇΓöÇΓöÇΓöÇΓöÇΓöÇΓöÇΓöÇ  
   FAILED  Tests\Feature\Attendance\TodayAndHistoryTest > maΓÇª  QueryException   
  SQLSTATE[42P01]: Undefined table: 7 ERROR:  relation "biometric_enrollment_requests" does not exist (Connection: pgsql, SQL: create index "biometric_enrollment_requests_employee_id_index" on "biometric_enrollment_requests" ("employee_id"))

  at vendor/laravel/framework/src/Illuminate/Database/Connection.php:571
    567Γûò             $this->bindValues($statement, $this->prepareBindings($bindings));
    568Γûò 
    569Γûò             $this->recordsHaveBeenModified();
    570Γûò 
  Γ₧£ 571Γûò             return $statement->execute();
    572Γûò         });
    573Γûò     }
    574Γûò 
    575Γûò     /**

      [2m+8 vendor frames [22m
  9   tests/Support/CreatesMvpSchema.php:149
  10  tests/Feature/Attendance/TodayAndHistoryTest.php:21

  ΓöÇΓöÇΓöÇΓöÇΓöÇΓöÇΓöÇΓöÇΓöÇΓöÇΓöÇΓöÇΓöÇΓöÇΓöÇΓöÇΓöÇΓöÇΓöÇΓöÇΓöÇΓöÇΓöÇΓöÇΓöÇΓöÇΓöÇΓöÇΓöÇΓöÇΓöÇΓöÇΓöÇΓöÇΓöÇΓöÇΓöÇΓöÇΓöÇΓöÇΓöÇΓöÇΓöÇΓöÇΓöÇΓöÇΓöÇΓöÇΓöÇΓöÇΓöÇΓöÇΓöÇΓöÇΓöÇΓöÇΓöÇΓöÇΓöÇΓöÇΓöÇΓöÇΓöÇΓöÇΓöÇΓöÇΓöÇΓöÇΓöÇΓöÇΓöÇΓöÇΓöÇΓöÇΓöÇΓöÇ  
   FAILED  Tests\Feature\Attendance\TodaΓÇª  UniqueConstraintViolationException   
  SQLSTATE[23505]: Unique violation: 7 ERROR:  duplicate key value violates unique constraint "pg_type_typname_nsp_index"
DETAIL:  Key (typname, typnamespace)=(plans, 2200) already exists. (Connection: pgsql, SQL: create table "plans" ("id" serial not null primary key, "name" varchar(50) not null, "price_monthly" decimal(10, 2) not null default '0', "price_yearly" decimal(10, 2) not null default '0', "max_employees" integer null, "features" json null, "trial_days" smallint not null default '14', "is_active" boolean not null default '1'))

  at vendor/laravel/framework/src/Illuminate/Database/Connection.php:571
    567Γûò             $this->bindValues($statement, $this->prepareBindings($bindings));
    568Γûò 
    569Γûò             $this->recordsHaveBeenModified();
    570Γûò 
  Γ₧£ 571Γûò             return $statement->execute();
    572Γûò         });
    573Γûò     }
    574Γûò 
    575Γûò     /**

      [2m+8 vendor frames [22m
  9   tests/Support/CreatesMvpSchema.php:20
  10  tests/Feature/Attendance/TodayAndHistoryTest.php:21

  ΓöÇΓöÇΓöÇΓöÇΓöÇΓöÇΓöÇΓöÇΓöÇΓöÇΓöÇΓöÇΓöÇΓöÇΓöÇΓöÇΓöÇΓöÇΓöÇΓöÇΓöÇΓöÇΓöÇΓöÇΓöÇΓöÇΓöÇΓöÇΓöÇΓöÇΓöÇΓöÇΓöÇΓöÇΓöÇΓöÇΓöÇΓöÇΓöÇΓöÇΓöÇΓöÇΓöÇΓöÇΓöÇΓöÇΓöÇΓöÇΓöÇΓöÇΓöÇΓöÇΓöÇΓöÇΓöÇΓöÇΓöÇΓöÇΓöÇΓöÇΓöÇΓöÇΓöÇΓöÇΓöÇΓöÇΓöÇΓöÇΓöÇΓöÇΓöÇΓöÇΓöÇΓöÇΓöÇΓöÇ  
   FAILED  Tests\Feature\Attendance\TodayAndHistoryTest > teΓÇª  QueryException   
  SQLSTATE[42P07]: Duplicate table: 7 ERROR:  relation "attendance_logs" already exists (Connection: pgsql, SQL: create table "attendance_logs" ("id" serial not null primary key, "company_id" uuid null, "employee_id" integer not null, "schedule_id" integer null, "date" date not null, "session_number" smallint not null default '1', "check_in" timestamp(0) with time zone null, "check_out" timestamp(0) with time zone null, "method" varchar(20) not null default 'mobile', "source_device_code" varchar(40) null, "external_event_id" varchar(100) null, "biometric_type" varchar(20) null, "synced_from_offline" boolean not null default '0', "status" varchar(20) not null default 'incomplete', "hours_worked" decimal(5, 2) null, "overtime_hours" decimal(5, 2) not null default '0', "late_minutes" smallint not null default '0', "gps_lat" decimal(10, 8) null, "gps_lng" decimal(11, 8) null, "created_at" timestamp(0) without time zone null, "updated_at" timestamp(0) without time zone null))

  at vendor/laravel/framework/src/Illuminate/Database/Connection.php:571
    567Γûò             $this->bindValues($statement, $this->prepareBindings($bindings));
    568Γûò 
    569Γûò             $this->recordsHaveBeenModified();
    570Γûò 
  Γ₧£ 571Γûò             return $statement->execute();
    572Γûò         });
    573Γûò     }
    574Γûò 
    575Γûò     /**

      [2m+8 vendor frames [22m
  9   tests/Support/CreatesMvpSchema.php:123
  10  tests/Feature/Attendance/TodayAndHistoryTest.php:21

  ΓöÇΓöÇΓöÇΓöÇΓöÇΓöÇΓöÇΓöÇΓöÇΓöÇΓöÇΓöÇΓöÇΓöÇΓöÇΓöÇΓöÇΓöÇΓöÇΓöÇΓöÇΓöÇΓöÇΓöÇΓöÇΓöÇΓöÇΓöÇΓöÇΓöÇΓöÇΓöÇΓöÇΓöÇΓöÇΓöÇΓöÇΓöÇΓöÇΓöÇΓöÇΓöÇΓöÇΓöÇΓöÇΓöÇΓöÇΓöÇΓöÇΓöÇΓöÇΓöÇΓöÇΓöÇΓöÇΓöÇΓöÇΓöÇΓöÇΓöÇΓöÇΓöÇΓöÇΓöÇΓöÇΓöÇΓöÇΓöÇΓöÇΓöÇΓöÇΓöÇΓöÇΓöÇΓöÇΓöÇ  
   FAILED  Tests\Feature\AuthLoginGuardrailsTest > login rejΓÇª  QueryException   
  SQLSTATE[42P01]: Undefined table: 7 ERROR:  relation "attendance_logs" does not exist (Connection: pgsql, SQL: create index "attendance_logs_employee_id_date_index" on "attendance_logs" ("employee_id", "date"))

  at vendor/laravel/framework/src/Illuminate/Database/Connection.php:571
    567Γûò             $this->bindValues($statement, $this->prepareBindings($bindings));
    568Γûò 
    569Γûò             $this->recordsHaveBeenModified();
    570Γûò 
  Γ₧£ 571Γûò             return $statement->execute();
    572Γûò         });
    573Γûò     }
    574Γûò 
    575Γûò     /**

      [2m+8 vendor frames [22m
  9   tests/Support/CreatesMvpSchema.php:123
  10  tests/Feature/AuthLoginGuardrailsTest.php:18

  ΓöÇΓöÇΓöÇΓöÇΓöÇΓöÇΓöÇΓöÇΓöÇΓöÇΓöÇΓöÇΓöÇΓöÇΓöÇΓöÇΓöÇΓöÇΓöÇΓöÇΓöÇΓöÇΓöÇΓöÇΓöÇΓöÇΓöÇΓöÇΓöÇΓöÇΓöÇΓöÇΓöÇΓöÇΓöÇΓöÇΓöÇΓöÇΓöÇΓöÇΓöÇΓöÇΓöÇΓöÇΓöÇΓöÇΓöÇΓöÇΓöÇΓöÇΓöÇΓöÇΓöÇΓöÇΓöÇΓöÇΓöÇΓöÇΓöÇΓöÇΓöÇΓöÇΓöÇΓöÇΓöÇΓöÇΓöÇΓöÇΓöÇΓöÇΓöÇΓöÇΓöÇΓöÇΓöÇΓöÇ  
   FAILED  Tests\Feature\AuthLoginGuardrΓÇª  UniqueConstraintViolationException   
  SQLSTATE[23505]: Unique violation: 7 ERROR:  duplicate key value violates unique constraint "pg_type_typname_nsp_index"
DETAIL:  Key (typname, typnamespace)=(plans, 2200) already exists. (Connection: pgsql, SQL: create table "plans" ("id" serial not null primary key, "name" varchar(50) not null, "price_monthly" decimal(10, 2) not null default '0', "price_yearly" decimal(10, 2) not null default '0', "max_employees" integer null, "features" json null, "trial_days" smallint not null default '14', "is_active" boolean not null default '1'))

  at vendor/laravel/framework/src/Illuminate/Database/Connection.php:571
    567Γûò             $this->bindValues($statement, $this->prepareBindings($bindings));
    568Γûò 
    569Γûò             $this->recordsHaveBeenModified();
    570Γûò 
  Γ₧£ 571Γûò             return $statement->execute();
    572Γûò         });
    573Γûò     }
    574Γûò 
    575Γûò     /**

      [2m+8 vendor frames [22m
  9   tests/Support/CreatesMvpSchema.php:20
  10  tests/Feature/AuthLoginGuardrailsTest.php:18

  ΓöÇΓöÇΓöÇΓöÇΓöÇΓöÇΓöÇΓöÇΓöÇΓöÇΓöÇΓöÇΓöÇΓöÇΓöÇΓöÇΓöÇΓöÇΓöÇΓöÇΓöÇΓöÇΓöÇΓöÇΓöÇΓöÇΓöÇΓöÇΓöÇΓöÇΓöÇΓöÇΓöÇΓöÇΓöÇΓöÇΓöÇΓöÇΓöÇΓöÇΓöÇΓöÇΓöÇΓöÇΓöÇΓöÇΓöÇΓöÇΓöÇΓöÇΓöÇΓöÇΓöÇΓöÇΓöÇΓöÇΓöÇΓöÇΓöÇΓöÇΓöÇΓöÇΓöÇΓöÇΓöÇΓöÇΓöÇΓöÇΓöÇΓöÇΓöÇΓöÇΓöÇΓöÇΓöÇΓöÇ  
   FAILED  Tests\Feature\AuthLoginTest > login returns token   QueryException   
  SQLSTATE[42P01]: Undefined table: 7 ERROR:  relation "attendance_logs" does not exist (Connection: pgsql, SQL: create index "attendance_logs_employee_id_date_index" on "attendance_logs" ("employee_id", "date"))

  at vendor/laravel/framework/src/Illuminate/Database/Connection.php:571
    567Γûò             $this->bindValues($statement, $this->prepareBindings($bindings));
    568Γûò 
    569Γûò             $this->recordsHaveBeenModified();
    570Γûò 
  Γ₧£ 571Γûò             return $statement->execute();
    572Γûò         });
    573Γûò     }
    574Γûò 
    575Γûò     /**

      [2m+8 vendor frames [22m
  9   tests/Support/CreatesMvpSchema.php:123
  10  tests/Feature/AuthLoginTest.php:18

  ΓöÇΓöÇΓöÇΓöÇΓöÇΓöÇΓöÇΓöÇΓöÇΓöÇΓöÇΓöÇΓöÇΓöÇΓöÇΓöÇΓöÇΓöÇΓöÇΓöÇΓöÇΓöÇΓöÇΓöÇΓöÇΓöÇΓöÇΓöÇΓöÇΓöÇΓöÇΓöÇΓöÇΓöÇΓöÇΓöÇΓöÇΓöÇΓöÇΓöÇΓöÇΓöÇΓöÇΓöÇΓöÇΓöÇΓöÇΓöÇΓöÇΓöÇΓöÇΓöÇΓöÇΓöÇΓöÇΓöÇΓöÇΓöÇΓöÇΓöÇΓöÇΓöÇΓöÇΓöÇΓöÇΓöÇΓöÇΓöÇΓöÇΓöÇΓöÇΓöÇΓöÇΓöÇΓöÇΓöÇ  
   FAILED  Tests\Feature\AuthLoginTest > login rejects invalΓÇª  QueryException   
  SQLSTATE[42P01]: Undefined table: 7 ERROR:  relation "biometric_enrollment_requests" does not exist (Connection: pgsql, SQL: create index "biometric_enrollment_requests_approver_employee_id_index" on "biometric_enrollment_requests" ("approver_employee_id"))

  at vendor/laravel/framework/src/Illuminate/Database/Connection.php:571
    567Γûò             $this->bindValues($statement, $this->prepareBindings($bindings));
    568Γûò 
    569Γûò             $this->recordsHaveBeenModified();
    570Γûò 
  Γ₧£ 571Γûò             return $statement->execute();
    572Γûò         });
    573Γûò     }
    574Γûò 
    575Γûò     /**

      [2m+8 vendor frames [22m
  9   tests/Support/CreatesMvpSchema.php:149
  10  tests/Feature/AuthLoginTest.php:18

  ΓöÇΓöÇΓöÇΓöÇΓöÇΓöÇΓöÇΓöÇΓöÇΓöÇΓöÇΓöÇΓöÇΓöÇΓöÇΓöÇΓöÇΓöÇΓöÇΓöÇΓöÇΓöÇΓöÇΓöÇΓöÇΓöÇΓöÇΓöÇΓöÇΓöÇΓöÇΓöÇΓöÇΓöÇΓöÇΓöÇΓöÇΓöÇΓöÇΓöÇΓöÇΓöÇΓöÇΓöÇΓöÇΓöÇΓöÇΓöÇΓöÇΓöÇΓöÇΓöÇΓöÇΓöÇΓöÇΓöÇΓöÇΓöÇΓöÇΓöÇΓöÇΓöÇΓöÇΓöÇΓöÇΓöÇΓöÇΓöÇΓöÇΓöÇΓöÇΓöÇΓöÇΓöÇΓöÇΓöÇ  
   FAILED  Tests\Feature\AuthMeLogoutTesΓÇª  UniqueConstraintViolationException   
  SQLSTATE[23505]: Unique violation: 7 ERROR:  duplicate key value violates unique constraint "pg_type_typname_nsp_index"
DETAIL:  Key (typname, typnamespace)=(plans, 2200) already exists. (Connection: pgsql, SQL: create table "plans" ("id" serial not null primary key, "name" varchar(50) not null, "price_monthly" decimal(10, 2) not null default '0', "price_yearly" decimal(10, 2) not null default '0', "max_employees" integer null, "features" json null, "trial_days" smallint not null default '14', "is_active" boolean not null default '1'))

  at vendor/laravel/framework/src/Illuminate/Database/Connection.php:571
    567Γûò             $this->bindValues($statement, $this->prepareBindings($bindings));
    568Γûò 
    569Γûò             $this->recordsHaveBeenModified();
    570Γûò 
  Γ₧£ 571Γûò             return $statement->execute();
    572Γûò         });
    573Γûò     }
    574Γûò 
    575Γûò     /**

      [2m+8 vendor frames [22m
  9   tests/Support/CreatesMvpSchema.php:20
  10  tests/Feature/AuthMeLogoutTest.php:18

  ΓöÇΓöÇΓöÇΓöÇΓöÇΓöÇΓöÇΓöÇΓöÇΓöÇΓöÇΓöÇΓöÇΓöÇΓöÇΓöÇΓöÇΓöÇΓöÇΓöÇΓöÇΓöÇΓöÇΓöÇΓöÇΓöÇΓöÇΓöÇΓöÇΓöÇΓöÇΓöÇΓöÇΓöÇΓöÇΓöÇΓöÇΓöÇΓöÇΓöÇΓöÇΓöÇΓöÇΓöÇΓöÇΓöÇΓöÇΓöÇΓöÇΓöÇΓöÇΓöÇΓöÇΓöÇΓöÇΓöÇΓöÇΓöÇΓöÇΓöÇΓöÇΓöÇΓöÇΓöÇΓöÇΓöÇΓöÇΓöÇΓöÇΓöÇΓöÇΓöÇΓöÇΓöÇΓöÇΓöÇ  
   FAILED  Tests\Feature\AuthMeLogoutTest > logout revokes cΓÇª  QueryException   
  SQLSTATE[42P07]: Duplicate table: 7 ERROR:  relation "employees" already exists (Connection: pgsql, SQL: create table "employees" ("id" serial not null primary key, "company_id" uuid not null, "schedule_id" integer null, "matricule" varchar(20) null, "zkteco_id" varchar(50) null, "first_name" varchar(100) null, "middle_name" varchar(100) null, "last_name" varchar(100) null, "preferred_name" varchar(100) null, "email" varchar(150) not null, "personal_email" varchar(150) null, "phone" varchar(30) null, "password_hash" varchar(255) not null, "date_of_birth" date null, "place_of_birth" varchar(120) null, "gender" char(1) null, "nationality" char(2) null, "marital_status" varchar(30) null, "address_line" varchar(255) null, "postal_code" varchar(20) null, "contract_type" varchar(20) not null default 'CDI', "contract_start" date not null default CURRENT_DATE, "contract_end" date null, "salary_type" varchar(20) not null default 'fixed', "salary_base" decimal(10, 2) not null default '0', "hourly_rate" decimal(10, 2) not null default '0', "role" varchar(20) not null default 'employee', "manager_role" varchar(30) null, "manager_id" integer null, "status" varchar(20) not null default 'active', "photo_path" varchar(255) null, "biometric_face_enabled" boolean not null default '0', "biometric_fingerprint_enabled" boolean not null default '0', "biometric_face_reference_path" varchar(255) null, "biometric_fingerprint_reference_path" varchar(255) null, "biometric_consent_at" timestamp(0) with time zone null, "invitation_accepted_at" timestamp(0) with time zone null, "emergency_contact_name" varchar(150) null, "emergency_contact_phone" varchar(30) null, "emergency_contact_relation" varchar(60) null, "last_login_at" timestamp(0) with time zone null, "email_verified_at" timestamp(0) with time zone null, "extra_data" json null, "created_at" timestamp(0) without time zone null, "updated_at" timestamp(0) without time zone null))

  at vendor/laravel/framework/src/Illuminate/Database/Connection.php:571
    567Γûò             $this->bindValues($statement, $this->prepareBindings($bindings));
    568Γûò 
    569Γûò             $this->recordsHaveBeenModified();
    570Γûò 
  Γ₧£ 571Γûò             return $statement->execute();
    572Γûò         });
    573Γûò     }
    574Γûò 
    575Γûò     /**

      [2m+8 vendor frames [22m
  9   tests/Support/CreatesMvpSchema.php:73
  10  tests/Feature/AuthMeLogoutTest.php:18

  ΓöÇΓöÇΓöÇΓöÇΓöÇΓöÇΓöÇΓöÇΓöÇΓöÇΓöÇΓöÇΓöÇΓöÇΓöÇΓöÇΓöÇΓöÇΓöÇΓöÇΓöÇΓöÇΓöÇΓöÇΓöÇΓöÇΓöÇΓöÇΓöÇΓöÇΓöÇΓöÇΓöÇΓöÇΓöÇΓöÇΓöÇΓöÇΓöÇΓöÇΓöÇΓöÇΓöÇΓöÇΓöÇΓöÇΓöÇΓöÇΓöÇΓöÇΓöÇΓöÇΓöÇΓöÇΓöÇΓöÇΓöÇΓöÇΓöÇΓöÇΓöÇΓöÇΓöÇΓöÇΓöÇΓöÇΓöÇΓöÇΓöÇΓöÇΓöÇΓöÇΓöÇΓöÇΓöÇΓöÇ  
   FAILED  Tests\Feature\AuthMeLogoutTest > archived employeΓÇª  QueryException   
  SQLSTATE[42P01]: Undefined table: 7 ERROR:  relation "employees" does not exist (Connection: pgsql, SQL: alter table "employees" add constraint "employees_company_id_matricule_unique" unique ("company_id", "matricule"))

  at vendor/laravel/framework/src/Illuminate/Database/Connection.php:571
    567Γûò             $this->bindValues($statement, $this->prepareBindings($bindings));
    568Γûò 
    569Γûò             $this->recordsHaveBeenModified();
    570Γûò 
  Γ₧£ 571Γûò             return $statement->execute();
    572Γûò         });
    573Γûò     }
    574Γûò 
    575Γûò     /**

      [2m+8 vendor frames [22m
  9   tests/Support/CreatesMvpSchema.php:73
  10  tests/Feature/AuthMeLogoutTest.php:18

  ΓöÇΓöÇΓöÇΓöÇΓöÇΓöÇΓöÇΓöÇΓöÇΓöÇΓöÇΓöÇΓöÇΓöÇΓöÇΓöÇΓöÇΓöÇΓöÇΓöÇΓöÇΓöÇΓöÇΓöÇΓöÇΓöÇΓöÇΓöÇΓöÇΓöÇΓöÇΓöÇΓöÇΓöÇΓöÇΓöÇΓöÇΓöÇΓöÇΓöÇΓöÇΓöÇΓöÇΓöÇΓöÇΓöÇΓöÇΓöÇΓöÇΓöÇΓöÇΓöÇΓöÇΓöÇΓöÇΓöÇΓöÇΓöÇΓöÇΓöÇΓöÇΓöÇΓöÇΓöÇΓöÇΓöÇΓöÇΓöÇΓöÇΓöÇΓöÇΓöÇΓöÇΓöÇΓöÇΓöÇ  
   FAILED  Tests\Feature\AuthMeLogoutTest > company suspensiΓÇª  QueryException   
  SQLSTATE[42P07]: Duplicate table: 7 ERROR:  relation "attendance_logs" already exists (Connection: pgsql, SQL: create table "attendance_logs" ("id" serial not null primary key, "company_id" uuid null, "employee_id" integer not null, "schedule_id" integer null, "date" date not null, "session_number" smallint not null default '1', "check_in" timestamp(0) with time zone null, "check_out" timestamp(0) with time zone null, "method" varchar(20) not null default 'mobile', "source_device_code" varchar(40) null, "external_event_id" varchar(100) null, "biometric_type" varchar(20) null, "synced_from_offline" boolean not null default '0', "status" varchar(20) not null default 'incomplete', "hours_worked" decimal(5, 2) null, "overtime_hours" decimal(5, 2) not null default '0', "late_minutes" smallint not null default '0', "gps_lat" decimal(10, 8) null, "gps_lng" decimal(11, 8) null, "created_at" timestamp(0) without time zone null, "updated_at" timestamp(0) without time zone null))

  at vendor/laravel/framework/src/Illuminate/Database/Connection.php:571
    567Γûò             $this->bindValues($statement, $this->prepareBindings($bindings));
    568Γûò 
    569Γûò             $this->recordsHaveBeenModified();
    570Γûò 
  Γ₧£ 571Γûò             return $statement->execute();
    572Γûò         });
    573Γûò     }
    574Γûò 
    575Γûò     /**

      [2m+8 vendor frames [22m
  9   tests/Support/CreatesMvpSchema.php:123
  10  tests/Feature/AuthMeLogoutTest.php:18

  ΓöÇΓöÇΓöÇΓöÇΓöÇΓöÇΓöÇΓöÇΓöÇΓöÇΓöÇΓöÇΓöÇΓöÇΓöÇΓöÇΓöÇΓöÇΓöÇΓöÇΓöÇΓöÇΓöÇΓöÇΓöÇΓöÇΓöÇΓöÇΓöÇΓöÇΓöÇΓöÇΓöÇΓöÇΓöÇΓöÇΓöÇΓöÇΓöÇΓöÇΓöÇΓöÇΓöÇΓöÇΓöÇΓöÇΓöÇΓöÇΓöÇΓöÇΓöÇΓöÇΓöÇΓöÇΓöÇΓöÇΓöÇΓöÇΓöÇΓöÇΓöÇΓöÇΓöÇΓöÇΓöÇΓöÇΓöÇΓöÇΓöÇΓöÇΓöÇΓöÇΓöÇΓöÇΓöÇΓöÇ  
   FAILED  Tests\Feature\AuthProfileSettingsTest > employeeΓÇª   QueryException   
  SQLSTATE[42P01]: Undefined table: 7 ERROR:  relation "companies" does not exist
LINE 1: insert into "companies" ("name", "slug", "sector", "country"...
                    ^ (Connection: pgsql, SQL: insert into "companies" ("name", "slug", "sector", "country", "city", "email", "schema_name", "tenancy_type", "status", "id", "updated_at", "created_at") values (Company A, company-a, restaurant, DZ, Alger, a@company.test, shared_tenants, shared, active, a1948ef1-f9b9-4869-91ca-90285d1a5b1f, 2026-04-19 10:24:14, 2026-04-19 10:24:14))

  at vendor/laravel/framework/src/Illuminate/Database/Connection.php:571
    567Γûò             $this->bindValues($statement, $this->prepareBindings($bindings));
    568Γûò 
    569Γûò             $this->recordsHaveBeenModified();
    570Γûò 
  Γ₧£ 571Γûò             return $statement->execute();
    572Γûò         });
    573Γûò     }
    574Γûò 
    575Γûò     /**

      [2m+12 vendor frames [22m
  13  tests/Feature/AuthProfileSettingsTest.php:29

  ΓöÇΓöÇΓöÇΓöÇΓöÇΓöÇΓöÇΓöÇΓöÇΓöÇΓöÇΓöÇΓöÇΓöÇΓöÇΓöÇΓöÇΓöÇΓöÇΓöÇΓöÇΓöÇΓöÇΓöÇΓöÇΓöÇΓöÇΓöÇΓöÇΓöÇΓöÇΓöÇΓöÇΓöÇΓöÇΓöÇΓöÇΓöÇΓöÇΓöÇΓöÇΓöÇΓöÇΓöÇΓöÇΓöÇΓöÇΓöÇΓöÇΓöÇΓöÇΓöÇΓöÇΓöÇΓöÇΓöÇΓöÇΓöÇΓöÇΓöÇΓöÇΓöÇΓöÇΓöÇΓöÇΓöÇΓöÇΓöÇΓöÇΓöÇΓöÇΓöÇΓöÇΓöÇΓöÇΓöÇ  
   FAILED  Tests\Feature\AuthProfileSettingsTest > employeeΓÇª   QueryException   
  SQLSTATE[23502]: Not null violation: 7 ERROR:  null value in column "company_id" of relation "employees" violates not-null constraint
DETAIL:  Failing row contains (1, null, null, null, null, null, null, null, null, employee@company.test, null, null, $2y$04$h4C7gRzNzf7UaVAqBhcus.EUoy56YVgy06u7eZSg8o5TtdkiOfTNm, null, null, null, null, null, null, null, CDI, 2026-04-19, null, fixed, 0.00, 0.00, employee, null, null, active, null, f, f, null, null, null, null, null, null, null, null, null, null, 2026-04-19 10:24:29, 2026-04-19 10:24:29). (Connection: pgsql, SQL: insert into "employees" ("email", "password_hash", "role", "status", "updated_at", "created_at") values (employee@company.test, $2y$04$h4C7gRzNzf7UaVAqBhcus.EUoy56YVgy06u7eZSg8o5TtdkiOfTNm, employee, active, 2026-04-19 10:24:29, 2026-04-19 10:24:29) returning "id")

  at vendor/laravel/framework/src/Illuminate/Database/Connection.php:412
    408Γûò             );
    409Γûò 
    410Γûò             $this->bindValues($statement, $this->prepareBindings($bindings));
    411Γûò 
  Γ₧£ 412Γûò             $statement->execute();
    413Γûò 
    414Γûò             return $statement->fetchAll();
    415Γûò         });
    416Γûò     }

      [2m+14 vendor frames [22m
  15  tests/Feature/AuthProfileSettingsTest.php:79

  ΓöÇΓöÇΓöÇΓöÇΓöÇΓöÇΓöÇΓöÇΓöÇΓöÇΓöÇΓöÇΓöÇΓöÇΓöÇΓöÇΓöÇΓöÇΓöÇΓöÇΓöÇΓöÇΓöÇΓöÇΓöÇΓöÇΓöÇΓöÇΓöÇΓöÇΓöÇΓöÇΓöÇΓöÇΓöÇΓöÇΓöÇΓöÇΓöÇΓöÇΓöÇΓöÇΓöÇΓöÇΓöÇΓöÇΓöÇΓöÇΓöÇΓöÇΓöÇΓöÇΓöÇΓöÇΓöÇΓöÇΓöÇΓöÇΓöÇΓöÇΓöÇΓöÇΓöÇΓöÇΓöÇΓöÇΓöÇΓöÇΓöÇΓöÇΓöÇΓöÇΓöÇΓöÇΓöÇΓöÇ  
   FAILED  Tests\Feature\AuthProfileSettingsTest > change paΓÇª  QueryException   
  SQLSTATE[42P07]: Duplicate table: 7 ERROR:  relation "super_admins" already exists (Connection: pgsql, SQL: CREATE TABLE public.super_admins (
                id serial primary key,
                name varchar(100) not null,
                email varchar(150) not null unique,
                password_hash varchar(255) not null,
                two_fa_secret varchar(32) null,
                last_login_at timestamp with time zone null,
                created_at timestamp with time zone null
            ))

  at vendor/laravel/framework/src/Illuminate/Database/Connection.php:571
    567Γûò             $this->bindValues($statement, $this->prepareBindings($bindings));
    568Γûò 
    569Γûò             $this->recordsHaveBeenModified();
    570Γûò 
  Γ₧£ 571Γûò             return $statement->execute();
    572Γûò         });
    573Γûò     }
    574Γûò 
    575Γûò     /**

      [2m+6 vendor frames [22m
  7   tests/Support/CreatesMvpSchema.php:203
  8   tests/Feature/AuthProfileSettingsTest.php:18

  ΓöÇΓöÇΓöÇΓöÇΓöÇΓöÇΓöÇΓöÇΓöÇΓöÇΓöÇΓöÇΓöÇΓöÇΓöÇΓöÇΓöÇΓöÇΓöÇΓöÇΓöÇΓöÇΓöÇΓöÇΓöÇΓöÇΓöÇΓöÇΓöÇΓöÇΓöÇΓöÇΓöÇΓöÇΓöÇΓöÇΓöÇΓöÇΓöÇΓöÇΓöÇΓöÇΓöÇΓöÇΓöÇΓöÇΓöÇΓöÇΓöÇΓöÇΓöÇΓöÇΓöÇΓöÇΓöÇΓöÇΓöÇΓöÇΓöÇΓöÇΓöÇΓöÇΓöÇΓöÇΓöÇΓöÇΓöÇΓöÇΓöÇΓöÇΓöÇΓöÇΓöÇΓöÇΓöÇΓöÇ  
   FAILED  Tests\Feature\AuthProfileSettingsTest > employeeΓÇª   QueryException   
  SQLSTATE[42P01]: Undefined table: 7 ERROR:  relation "companies" does not exist
LINE 1: insert into "companies" ("name", "slug", "sector", "country"...
                    ^ (Connection: pgsql, SQL: insert into "companies" ("name", "slug", "sector", "country", "city", "email", "schema_name", "tenancy_type", "status", "id", "updated_at", "created_at") values (Company A, company-a, restaurant, DZ, Alger, a@company.test, shared_tenants, shared, active, a1948f35-8d6d-44ea-89e8-9d79781bc232, 2026-04-19 10:24:58, 2026-04-19 10:24:58))

  at vendor/laravel/framework/src/Illuminate/Database/Connection.php:571
    567Γûò             $this->bindValues($statement, $this->prepareBindings($bindings));
    568Γûò 
    569Γûò             $this->recordsHaveBeenModified();
    570Γûò 
  Γ₧£ 571Γûò             return $statement->execute();
    572Γûò         });
    573Γûò     }
    574Γûò 
    575Γûò     /**

      [2m+12 vendor frames [22m
  13  tests/Feature/AuthProfileSettingsTest.php:146

  ΓöÇΓöÇΓöÇΓöÇΓöÇΓöÇΓöÇΓöÇΓöÇΓöÇΓöÇΓöÇΓöÇΓöÇΓöÇΓöÇΓöÇΓöÇΓöÇΓöÇΓöÇΓöÇΓöÇΓöÇΓöÇΓöÇΓöÇΓöÇΓöÇΓöÇΓöÇΓöÇΓöÇΓöÇΓöÇΓöÇΓöÇΓöÇΓöÇΓöÇΓöÇΓöÇΓöÇΓöÇΓöÇΓöÇΓöÇΓöÇΓöÇΓöÇΓöÇΓöÇΓöÇΓöÇΓöÇΓöÇΓöÇΓöÇΓöÇΓöÇΓöÇΓöÇΓöÇΓöÇΓöÇΓöÇΓöÇΓöÇΓöÇΓöÇΓöÇΓöÇΓöÇΓöÇΓöÇΓöÇ  
   FAILED  Tests\Feature\BiometricWorkflowTest > employee biΓÇª  QueryException   
  SQLSTATE[42P01]: Undefined table: 7 ERROR:  relation "employees" does not exist (Connection: pgsql, SQL: alter table "employees" add constraint "employees_company_id_matricule_unique" unique ("company_id", "matricule"))

  at vendor/laravel/framework/src/Illuminate/Database/Connection.php:571
    567Γûò             $this->bindValues($statement, $this->prepareBindings($bindings));
    568Γûò 
    569Γûò             $this->recordsHaveBeenModified();
    570Γûò 
  Γ₧£ 571Γûò             return $statement->execute();
    572Γûò         });
    573Γûò     }
    574Γûò 
    575Γûò     /**

      [2m+8 vendor frames [22m
  9   tests/Support/CreatesMvpSchema.php:73
  10  tests/Feature/BiometricWorkflowTest.php:19

  ΓöÇΓöÇΓöÇΓöÇΓöÇΓöÇΓöÇΓöÇΓöÇΓöÇΓöÇΓöÇΓöÇΓöÇΓöÇΓöÇΓöÇΓöÇΓöÇΓöÇΓöÇΓöÇΓöÇΓöÇΓöÇΓöÇΓöÇΓöÇΓöÇΓöÇΓöÇΓöÇΓöÇΓöÇΓöÇΓöÇΓöÇΓöÇΓöÇΓöÇΓöÇΓöÇΓöÇΓöÇΓöÇΓöÇΓöÇΓöÇΓöÇΓöÇΓöÇΓöÇΓöÇΓöÇΓöÇΓöÇΓöÇΓöÇΓöÇΓöÇΓöÇΓöÇΓöÇΓöÇΓöÇΓöÇΓöÇΓöÇΓöÇΓöÇΓöÇΓöÇΓöÇΓöÇΓöÇΓöÇ  
   FAILED  Tests\Feature\BiometricWorkflowTest > kiosk can cΓÇª  QueryException   
  SQLSTATE[42P07]: Duplicate table: 7 ERROR:  relation "employees" already exists (Connection: pgsql, SQL: create table "employees" ("id" serial not null primary key, "company_id" uuid not null, "schedule_id" integer null, "matricule" varchar(20) null, "zkteco_id" varchar(50) null, "first_name" varchar(100) null, "middle_name" varchar(100) null, "last_name" varchar(100) null, "preferred_name" varchar(100) null, "email" varchar(150) not null, "personal_email" varchar(150) null, "phone" varchar(30) null, "password_hash" varchar(255) not null, "date_of_birth" date null, "place_of_birth" varchar(120) null, "gender" char(1) null, "nationality" char(2) null, "marital_status" varchar(30) null, "address_line" varchar(255) null, "postal_code" varchar(20) null, "contract_type" varchar(20) not null default 'CDI', "contract_start" date not null default CURRENT_DATE, "contract_end" date null, "salary_type" varchar(20) not null default 'fixed', "salary_base" decimal(10, 2) not null default '0', "hourly_rate" decimal(10, 2) not null default '0', "role" varchar(20) not null default 'employee', "manager_role" varchar(30) null, "manager_id" integer null, "status" varchar(20) not null default 'active', "photo_path" varchar(255) null, "biometric_face_enabled" boolean not null default '0', "biometric_fingerprint_enabled" boolean not null default '0', "biometric_face_reference_path" varchar(255) null, "biometric_fingerprint_reference_path" varchar(255) null, "biometric_consent_at" timestamp(0) with time zone null, "invitation_accepted_at" timestamp(0) with time zone null, "emergency_contact_name" varchar(150) null, "emergency_contact_phone" varchar(30) null, "emergency_contact_relation" varchar(60) null, "last_login_at" timestamp(0) with time zone null, "email_verified_at" timestamp(0) with time zone null, "extra_data" json null, "created_at" timestamp(0) without time zone null, "updated_at" timestamp(0) without time zone null))

  at vendor/laravel/framework/src/Illuminate/Database/Connection.php:571
    567Γûò             $this->bindValues($statement, $this->prepareBindings($bindings));
    568Γûò 
    569Γûò             $this->recordsHaveBeenModified();
    570Γûò 
  Γ₧£ 571Γûò             return $statement->execute();
    572Γûò         });
    573Γûò     }
    574Γûò 
    575Γûò     /**

      [2m+8 vendor frames [22m
  9   tests/Support/CreatesMvpSchema.php:73
  10  tests/Feature/BiometricWorkflowTest.php:19

  ΓöÇΓöÇΓöÇΓöÇΓöÇΓöÇΓöÇΓöÇΓöÇΓöÇΓöÇΓöÇΓöÇΓöÇΓöÇΓöÇΓöÇΓöÇΓöÇΓöÇΓöÇΓöÇΓöÇΓöÇΓöÇΓöÇΓöÇΓöÇΓöÇΓöÇΓöÇΓöÇΓöÇΓöÇΓöÇΓöÇΓöÇΓöÇΓöÇΓöÇΓöÇΓöÇΓöÇΓöÇΓöÇΓöÇΓöÇΓöÇΓöÇΓöÇΓöÇΓöÇΓöÇΓöÇΓöÇΓöÇΓöÇΓöÇΓöÇΓöÇΓöÇΓöÇΓöÇΓöÇΓöÇΓöÇΓöÇΓöÇΓöÇΓöÇΓöÇΓöÇΓöÇΓöÇΓöÇΓöÇ  
   FAILED  Tests\Feature\BiometricWorkflowTest > kiosk can sΓÇª  QueryException   
  SQLSTATE[42P01]: Undefined table: 7 ERROR:  relation "attendance_logs" does not exist (Connection: pgsql, SQL: create index "attendance_logs_company_id_index" on "attendance_logs" ("company_id"))

  at vendor/laravel/framework/src/Illuminate/Database/Connection.php:571
    567Γûò             $this->bindValues($statement, $this->prepareBindings($bindings));
    568Γûò 
    569Γûò             $this->recordsHaveBeenModified();
    570Γûò 
  Γ₧£ 571Γûò             return $statement->execute();
    572Γûò         });
    573Γûò     }
    574Γûò 
    575Γûò     /**

      [2m+8 vendor frames [22m
  9   tests/Support/CreatesMvpSchema.php:123
  10  tests/Feature/BiometricWorkflowTest.php:19

  ΓöÇΓöÇΓöÇΓöÇΓöÇΓöÇΓöÇΓöÇΓöÇΓöÇΓöÇΓöÇΓöÇΓöÇΓöÇΓöÇΓöÇΓöÇΓöÇΓöÇΓöÇΓöÇΓöÇΓöÇΓöÇΓöÇΓöÇΓöÇΓöÇΓöÇΓöÇΓöÇΓöÇΓöÇΓöÇΓöÇΓöÇΓöÇΓöÇΓöÇΓöÇΓöÇΓöÇΓöÇΓöÇΓöÇΓöÇΓöÇΓöÇΓöÇΓöÇΓöÇΓöÇΓöÇΓöÇΓöÇΓöÇΓöÇΓöÇΓöÇΓöÇΓöÇΓöÇΓöÇΓöÇΓöÇΓöÇΓöÇΓöÇΓöÇΓöÇΓöÇΓöÇΓöÇΓöÇΓöÇ  
   FAILED  Tests\Feature\Contracts\MobilePayloadContractTestΓÇª  QueryException   
  SQLSTATE[42P01]: Undefined table: 7 ERROR:  relation "employees" does not exist (Connection: pgsql, SQL: alter table "employees" add constraint "employees_company_id_matricule_unique" unique ("company_id", "matricule"))

  at vendor/laravel/framework/src/Illuminate/Database/Connection.php:571
    567Γûò             $this->bindValues($statement, $this->prepareBindings($bindings));
    568Γûò 
    569Γûò             $this->recordsHaveBeenModified();
    570Γûò 
  Γ₧£ 571Γûò             return $statement->execute();
    572Γûò         });
    573Γûò     }
    574Γûò 
    575Γûò     /**

      [2m+8 vendor frames [22m
  9   tests/Support/CreatesMvpSchema.php:73
  10  tests/Feature/Contracts/MobilePayloadContractTest.php:21

  ΓöÇΓöÇΓöÇΓöÇΓöÇΓöÇΓöÇΓöÇΓöÇΓöÇΓöÇΓöÇΓöÇΓöÇΓöÇΓöÇΓöÇΓöÇΓöÇΓöÇΓöÇΓöÇΓöÇΓöÇΓöÇΓöÇΓöÇΓöÇΓöÇΓöÇΓöÇΓöÇΓöÇΓöÇΓöÇΓöÇΓöÇΓöÇΓöÇΓöÇΓöÇΓöÇΓöÇΓöÇΓöÇΓöÇΓöÇΓöÇΓöÇΓöÇΓöÇΓöÇΓöÇΓöÇΓöÇΓöÇΓöÇΓöÇΓöÇΓöÇΓöÇΓöÇΓöÇΓöÇΓöÇΓöÇΓöÇΓöÇΓöÇΓöÇΓöÇΓöÇΓöÇΓöÇΓöÇΓöÇ  
   FAILED  Tests\Feature\Contracts\MobilePayloadContractTestΓÇª  QueryException   
  SQLSTATE[42P07]: Duplicate table: 7 ERROR:  relation "schedules" already exists (Connection: pgsql, SQL: create table "schedules" ("id" serial not null primary key, "company_id" uuid null, "name" varchar(100) not null, "start_time" time(0) without time zone not null, "end_time" time(0) without time zone not null, "break_minutes" smallint not null default '60', "work_days" json null, "late_tolerance_minutes" smallint not null default '15', "overtime_threshold_daily" decimal(4, 2) not null default '8', "overtime_threshold_weekly" decimal(5, 2) not null default '40', "is_default" boolean not null default '0', "created_at" timestamp(0) without time zone null, "updated_at" timestamp(0) without time zone null))

  at vendor/laravel/framework/src/Illuminate/Database/Connection.php:571
    567Γûò             $this->bindValues($statement, $this->prepareBindings($bindings));
    568Γûò 
    569Γûò             $this->recordsHaveBeenModified();
    570Γûò 
  Γ₧£ 571Γûò             return $statement->execute();
    572Γûò         });
    573Γûò     }
    574Γûò 
    575Γûò     /**

      [2m+8 vendor frames [22m
  9   tests/Support/CreatesMvpSchema.php:58
  10  tests/Feature/Contracts/MobilePayloadContractTest.php:21

  ΓöÇΓöÇΓöÇΓöÇΓöÇΓöÇΓöÇΓöÇΓöÇΓöÇΓöÇΓöÇΓöÇΓöÇΓöÇΓöÇΓöÇΓöÇΓöÇΓöÇΓöÇΓöÇΓöÇΓöÇΓöÇΓöÇΓöÇΓöÇΓöÇΓöÇΓöÇΓöÇΓöÇΓöÇΓöÇΓöÇΓöÇΓöÇΓöÇΓöÇΓöÇΓöÇΓöÇΓöÇΓöÇΓöÇΓöÇΓöÇΓöÇΓöÇΓöÇΓöÇΓöÇΓöÇΓöÇΓöÇΓöÇΓöÇΓöÇΓöÇΓöÇΓöÇΓöÇΓöÇΓöÇΓöÇΓöÇΓöÇΓöÇΓöÇΓöÇΓöÇΓöÇΓöÇΓöÇΓöÇ  
   FAILED  Tests\Feature\Contracts\MobilePayloadContractTestΓÇª  QueryException   
  SQLSTATE[42P01]: Undefined table: 7 ERROR:  relation "attendance_logs" does not exist (Connection: pgsql, SQL: alter table "attendance_logs" add constraint "attendance_logs_external_event_id_unique" unique ("external_event_id"))

  at vendor/laravel/framework/src/Illuminate/Database/Connection.php:571
    567Γûò             $this->bindValues($statement, $this->prepareBindings($bindings));
    568Γûò 
    569Γûò             $this->recordsHaveBeenModified();
    570Γûò 
  Γ₧£ 571Γûò             return $statement->execute();
    572Γûò         });
    573Γûò     }
    574Γûò 
    575Γûò     /**

      [2m+8 vendor frames [22m
  9   tests/Support/CreatesMvpSchema.php:123
  10  tests/Feature/Contracts/MobilePayloadContractTest.php:21

  ΓöÇΓöÇΓöÇΓöÇΓöÇΓöÇΓöÇΓöÇΓöÇΓöÇΓöÇΓöÇΓöÇΓöÇΓöÇΓöÇΓöÇΓöÇΓöÇΓöÇΓöÇΓöÇΓöÇΓöÇΓöÇΓöÇΓöÇΓöÇΓöÇΓöÇΓöÇΓöÇΓöÇΓöÇΓöÇΓöÇΓöÇΓöÇΓöÇΓöÇΓöÇΓöÇΓöÇΓöÇΓöÇΓöÇΓöÇΓöÇΓöÇΓöÇΓöÇΓöÇΓöÇΓöÇΓöÇΓöÇΓöÇΓöÇΓöÇΓöÇΓöÇΓöÇΓöÇΓöÇΓöÇΓöÇΓöÇΓöÇΓöÇΓöÇΓöÇΓöÇΓöÇΓöÇΓöÇΓöÇ  
   FAILED  Tests\Feature\Contracts\MobilePayloadContractTestΓÇª  QueryException   
  SQLSTATE[42P07]: Duplicate table: 7 ERROR:  relation "schedules" already exists (Connection: pgsql, SQL: create table "schedules" ("id" serial not null primary key, "company_id" uuid null, "name" varchar(100) not null, "start_time" time(0) without time zone not null, "end_time" time(0) without time zone not null, "break_minutes" smallint not null default '60', "work_days" json null, "late_tolerance_minutes" smallint not null default '15', "overtime_threshold_daily" decimal(4, 2) not null default '8', "overtime_threshold_weekly" decimal(5, 2) not null default '40', "is_default" boolean not null default '0', "created_at" timestamp(0) without time zone null, "updated_at" timestamp(0) without time zone null))

  at vendor/laravel/framework/src/Illuminate/Database/Connection.php:571
    567Γûò             $this->bindValues($statement, $this->prepareBindings($bindings));
    568Γûò 
    569Γûò             $this->recordsHaveBeenModified();
    570Γûò 
  Γ₧£ 571Γûò             return $statement->execute();
    572Γûò         });
    573Γûò     }
    574Γûò 
    575Γûò     /**

      [2m+8 vendor frames [22m
  9   tests/Support/CreatesMvpSchema.php:58
  10  tests/Feature/Contracts/MobilePayloadContractTest.php:21

  ΓöÇΓöÇΓöÇΓöÇΓöÇΓöÇΓöÇΓöÇΓöÇΓöÇΓöÇΓöÇΓöÇΓöÇΓöÇΓöÇΓöÇΓöÇΓöÇΓöÇΓöÇΓöÇΓöÇΓöÇΓöÇΓöÇΓöÇΓöÇΓöÇΓöÇΓöÇΓöÇΓöÇΓöÇΓöÇΓöÇΓöÇΓöÇΓöÇΓöÇΓöÇΓöÇΓöÇΓöÇΓöÇΓöÇΓöÇΓöÇΓöÇΓöÇΓöÇΓöÇΓöÇΓöÇΓöÇΓöÇΓöÇΓöÇΓöÇΓöÇΓöÇΓöÇΓöÇΓöÇΓöÇΓöÇΓöÇΓöÇΓöÇΓöÇΓöÇΓöÇΓöÇΓöÇΓöÇΓöÇ  
   FAILED  Tests\Feature\EmployeeInvitationOnboardingTest >ΓÇª   QueryException   
  SQLSTATE[23502]: Not null violation: 7 ERROR:  null value in column "company_id" of relation "employees" violates not-null constraint
DETAIL:  Failing row contains (1, null, null, null, null, Manager, null, Principal, null, manager@company.test, null, null, $2y$04$AfGtpsz4fU4TVZArjCEmtuyi5suepfrgjrSRipgkZ/SlJhuSztELS, null, null, null, null, null, null, null, CDI, 2026-04-19, null, fixed, 0.00, 0.00, manager, principal, null, active, null, f, f, null, null, null, null, null, null, null, null, null, null, 2026-04-19 10:25:40, 2026-04-19 10:25:40). (Connection: pgsql, SQL: insert into "employees" ("first_name", "last_name", "email", "password_hash", "role", "manager_role", "status", "updated_at", "created_at") values (Manager, Principal, manager@company.test, $2y$04$AfGtpsz4fU4TVZArjCEmtuyi5suepfrgjrSRipgkZ/SlJhuSztELS, manager, principal, active, 2026-04-19 10:25:40, 2026-04-19 10:25:40) returning "id")

  at vendor/laravel/framework/src/Illuminate/Database/Connection.php:412
    408Γûò             );
    409Γûò 
    410Γûò             $this->bindValues($statement, $this->prepareBindings($bindings));
    411Γûò 
  Γ₧£ 412Γûò             $statement->execute();
    413Γûò 
    414Γûò             return $statement->fetchAll();
    415Γûò         });
    416Γûò     }

      [2m+14 vendor frames [22m
  15  tests/Feature/EmployeeInvitationOnboardingTest.php:49

  ΓöÇΓöÇΓöÇΓöÇΓöÇΓöÇΓöÇΓöÇΓöÇΓöÇΓöÇΓöÇΓöÇΓöÇΓöÇΓöÇΓöÇΓöÇΓöÇΓöÇΓöÇΓöÇΓöÇΓöÇΓöÇΓöÇΓöÇΓöÇΓöÇΓöÇΓöÇΓöÇΓöÇΓöÇΓöÇΓöÇΓöÇΓöÇΓöÇΓöÇΓöÇΓöÇΓöÇΓöÇΓöÇΓöÇΓöÇΓöÇΓöÇΓöÇΓöÇΓöÇΓöÇΓöÇΓöÇΓöÇΓöÇΓöÇΓöÇΓöÇΓöÇΓöÇΓöÇΓöÇΓöÇΓöÇΓöÇΓöÇΓöÇΓöÇΓöÇΓöÇΓöÇΓöÇΓöÇΓöÇ  
   FAILED  Tests\Feature\EmployeeInvitationOnboardingTest >ΓÇª   QueryException   
  SQLSTATE[42P01]: Undefined table: 7 ERROR:  relation "companies" does not exist
LINE 1: insert into "companies" ("name", "slug", "sector", "country"...
                    ^ (Connection: pgsql, SQL: insert into "companies" ("name", "slug", "sector", "country", "city", "email", "plan_id", "schema_name", "tenancy_type", "status", "id", "updated_at", "created_at") values (Company A, company-a, restaurant, DZ, Alger, a@company.test, 1, shared_tenants, shared, active, a1948f8c-c877-4ef2-9e51-a751098990a9, 2026-04-19 10:25:56, 2026-04-19 10:25:56))

  at vendor/laravel/framework/src/Illuminate/Database/Connection.php:571
    567Γûò             $this->bindValues($statement, $this->prepareBindings($bindings));
    568Γûò 
    569Γûò             $this->recordsHaveBeenModified();
    570Γûò 
  Γ₧£ 571Γûò             return $statement->execute();
    572Γûò         });
    573Γûò     }
    574Γûò 
    575Γûò     /**

      [2m+12 vendor frames [22m
  13  tests/Feature/EmployeeInvitationOnboardingTest.php:113

  ΓöÇΓöÇΓöÇΓöÇΓöÇΓöÇΓöÇΓöÇΓöÇΓöÇΓöÇΓöÇΓöÇΓöÇΓöÇΓöÇΓöÇΓöÇΓöÇΓöÇΓöÇΓöÇΓöÇΓöÇΓöÇΓöÇΓöÇΓöÇΓöÇΓöÇΓöÇΓöÇΓöÇΓöÇΓöÇΓöÇΓöÇΓöÇΓöÇΓöÇΓöÇΓöÇΓöÇΓöÇΓöÇΓöÇΓöÇΓöÇΓöÇΓöÇΓöÇΓöÇΓöÇΓöÇΓöÇΓöÇΓöÇΓöÇΓöÇΓöÇΓöÇΓöÇΓöÇΓöÇΓöÇΓöÇΓöÇΓöÇΓöÇΓöÇΓöÇΓöÇΓöÇΓöÇΓöÇΓöÇ  
   FAILED  Tests\Feature\EmployeesRbacTest > manager can lisΓÇª  QueryException   
  SQLSTATE[23502]: Not null violation: 7 ERROR:  null value in column "company_id" of relation "employees" violates not-null constraint
DETAIL:  Failing row contains (1, null, null, null, null, null, null, null, null, manager@a.test, null, null, $2y$04$e4O46vNhQe9qNapOqWtItO.zY6fUOyaiXyjMbTJsQ6qkFuGhKF0jq, null, null, null, null, null, null, null, CDI, 2026-04-19, null, fixed, 0.00, 0.00, manager, null, null, active, null, f, f, null, null, null, null, null, null, null, null, null, null, 2026-04-19 10:26:07, 2026-04-19 10:26:07). (Connection: pgsql, SQL: insert into "employees" ("email", "password_hash", "role", "status", "updated_at", "created_at") values (manager@a.test, $2y$04$e4O46vNhQe9qNapOqWtItO.zY6fUOyaiXyjMbTJsQ6qkFuGhKF0jq, manager, active, 2026-04-19 10:26:07, 2026-04-19 10:26:07) returning "id")

  at vendor/laravel/framework/src/Illuminate/Database/Connection.php:412
    408Γûò             );
    409Γûò 
    410Γûò             $this->bindValues($statement, $this->prepareBindings($bindings));
    411Γûò 
  Γ₧£ 412Γûò             $statement->execute();
    413Γûò 
    414Γûò             return $statement->fetchAll();
    415Γûò         });
    416Γûò     }

      [2m+14 vendor frames [22m
  15  tests/Feature/EmployeesRbacTest.php:53

  ΓöÇΓöÇΓöÇΓöÇΓöÇΓöÇΓöÇΓöÇΓöÇΓöÇΓöÇΓöÇΓöÇΓöÇΓöÇΓöÇΓöÇΓöÇΓöÇΓöÇΓöÇΓöÇΓöÇΓöÇΓöÇΓöÇΓöÇΓöÇΓöÇΓöÇΓöÇΓöÇΓöÇΓöÇΓöÇΓöÇΓöÇΓöÇΓöÇΓöÇΓöÇΓöÇΓöÇΓöÇΓöÇΓöÇΓöÇΓöÇΓöÇΓöÇΓöÇΓöÇΓöÇΓöÇΓöÇΓöÇΓöÇΓöÇΓöÇΓöÇΓöÇΓöÇΓöÇΓöÇΓöÇΓöÇΓöÇΓöÇΓöÇΓöÇΓöÇΓöÇΓöÇΓöÇΓöÇΓöÇ  
   FAILED  Tests\Feature\EmployeesRbacTest > employee cannotΓÇª  QueryException   
  SQLSTATE[23502]: Not null violation: 7 ERROR:  null value in column "company_id" of relation "employees" violates not-null constraint
DETAIL:  Failing row contains (1, null, null, null, null, null, null, null, null, employee@a.test, null, null, $2y$04$9NcntUFRaoLF6Nrt15pTGutUMbp53y4ZM5dGckv12h3iAhj6S/MTS, null, null, null, null, null, null, null, CDI, 2026-04-19, null, fixed, 0.00, 0.00, employee, null, null, active, null, f, f, null, null, null, null, null, null, null, null, null, null, 2026-04-19 10:26:17, 2026-04-19 10:26:17). (Connection: pgsql, SQL: insert into "employees" ("email", "password_hash", "role", "status", "updated_at", "created_at") values (employee@a.test, $2y$04$9NcntUFRaoLF6Nrt15pTGutUMbp53y4ZM5dGckv12h3iAhj6S/MTS, employee, active, 2026-04-19 10:26:17, 2026-04-19 10:26:17) returning "id")

  at vendor/laravel/framework/src/Illuminate/Database/Connection.php:412
    408Γûò             );
    409Γûò 
    410Γûò             $this->bindValues($statement, $this->prepareBindings($bindings));
    411Γûò 
  Γ₧£ 412Γûò             $statement->execute();
    413Γûò 
    414Γûò             return $statement->fetchAll();
    415Γûò         });
    416Γûò     }

      [2m+14 vendor frames [22m
  15  tests/Feature/EmployeesRbacTest.php:104

  ΓöÇΓöÇΓöÇΓöÇΓöÇΓöÇΓöÇΓöÇΓöÇΓöÇΓöÇΓöÇΓöÇΓöÇΓöÇΓöÇΓöÇΓöÇΓöÇΓöÇΓöÇΓöÇΓöÇΓöÇΓöÇΓöÇΓöÇΓöÇΓöÇΓöÇΓöÇΓöÇΓöÇΓöÇΓöÇΓöÇΓöÇΓöÇΓöÇΓöÇΓöÇΓöÇΓöÇΓöÇΓöÇΓöÇΓöÇΓöÇΓöÇΓöÇΓöÇΓöÇΓöÇΓöÇΓöÇΓöÇΓöÇΓöÇΓöÇΓöÇΓöÇΓöÇΓöÇΓöÇΓöÇΓöÇΓöÇΓöÇΓöÇΓöÇΓöÇΓöÇΓöÇΓöÇΓöÇΓöÇ  
   FAILED  Tests\Feature\EmployeesRbacTest > employee can viΓÇª  QueryException   
  SQLSTATE[23502]: Not null violation: 7 ERROR:  null value in column "company_id" of relation "employees" violates not-null constraint
DETAIL:  Failing row contains (1, null, null, null, null, null, null, null, null, manager@a.test, null, null, $2y$04$Ci2.8d562GcncPK6OgAwn.xDgcYJEv0QPYvsnYa7TEsHgXhBwRqx6, null, null, null, null, null, null, null, CDI, 2026-04-19, null, fixed, 0.00, 0.00, manager, null, null, active, null, f, f, null, null, null, null, null, null, null, null, null, null, 2026-04-19 10:26:26, 2026-04-19 10:26:26). (Connection: pgsql, SQL: insert into "employees" ("email", "password_hash", "role", "status", "updated_at", "created_at") values (manager@a.test, $2y$04$Ci2.8d562GcncPK6OgAwn.xDgcYJEv0QPYvsnYa7TEsHgXhBwRqx6, manager, active, 2026-04-19 10:26:26, 2026-04-19 10:26:26) returning "id")

  at vendor/laravel/framework/src/Illuminate/Database/Connection.php:412
    408Γûò             );
    409Γûò 
    410Γûò             $this->bindValues($statement, $this->prepareBindings($bindings));
    411Γûò 
  Γ₧£ 412Γûò             $statement->execute();
    413Γûò 
    414Γûò             return $statement->fetchAll();
    415Γûò         });
    416Γûò     }

      [2m+14 vendor frames [22m
  15  tests/Feature/EmployeesRbacTest.php:134

  ΓöÇΓöÇΓöÇΓöÇΓöÇΓöÇΓöÇΓöÇΓöÇΓöÇΓöÇΓöÇΓöÇΓöÇΓöÇΓöÇΓöÇΓöÇΓöÇΓöÇΓöÇΓöÇΓöÇΓöÇΓöÇΓöÇΓöÇΓöÇΓöÇΓöÇΓöÇΓöÇΓöÇΓöÇΓöÇΓöÇΓöÇΓöÇΓöÇΓöÇΓöÇΓöÇΓöÇΓöÇΓöÇΓöÇΓöÇΓöÇΓöÇΓöÇΓöÇΓöÇΓöÇΓöÇΓöÇΓöÇΓöÇΓöÇΓöÇΓöÇΓöÇΓöÇΓöÇΓöÇΓöÇΓöÇΓöÇΓöÇΓöÇΓöÇΓöÇΓöÇΓöÇΓöÇΓöÇΓöÇ  
   FAILED  Tests\Feature\EmployeesRbacTest > manager can arcΓÇª  QueryException   
  SQLSTATE[23502]: Not null violation: 7 ERROR:  null value in column "company_id" of relation "employees" violates not-null constraint
DETAIL:  Failing row contains (1, null, null, null, null, null, null, null, null, manager@a.test, null, null, $2y$04$0GFBcKNeXGteTzvo9v0Zse.UvkV4dImxXmBPZim/X.x/RLZpScRjS, null, null, null, null, null, null, null, CDI, 2026-04-19, null, fixed, 0.00, 0.00, manager, null, null, active, null, f, f, null, null, null, null, null, null, null, null, null, null, 2026-04-19 10:26:34, 2026-04-19 10:26:34). (Connection: pgsql, SQL: insert into "employees" ("email", "password_hash", "role", "status", "updated_at", "created_at") values (manager@a.test, $2y$04$0GFBcKNeXGteTzvo9v0Zse.UvkV4dImxXmBPZim/X.x/RLZpScRjS, manager, active, 2026-04-19 10:26:34, 2026-04-19 10:26:34) returning "id")

  at vendor/laravel/framework/src/Illuminate/Database/Connection.php:412
    408Γûò             );
    409Γûò 
    410Γûò             $this->bindValues($statement, $this->prepareBindings($bindings));
    411Γûò 
  Γ₧£ 412Γûò             $statement->execute();
    413Γûò 
    414Γûò             return $statement->fetchAll();
    415Γûò         });
    416Γûò     }

      [2m+14 vendor frames [22m
  15  tests/Feature/EmployeesRbacTest.php:175

  ΓöÇΓöÇΓöÇΓöÇΓöÇΓöÇΓöÇΓöÇΓöÇΓöÇΓöÇΓöÇΓöÇΓöÇΓöÇΓöÇΓöÇΓöÇΓöÇΓöÇΓöÇΓöÇΓöÇΓöÇΓöÇΓöÇΓöÇΓöÇΓöÇΓöÇΓöÇΓöÇΓöÇΓöÇΓöÇΓöÇΓöÇΓöÇΓöÇΓöÇΓöÇΓöÇΓöÇΓöÇΓöÇΓöÇΓöÇΓöÇΓöÇΓöÇΓöÇΓöÇΓöÇΓöÇΓöÇΓöÇΓöÇΓöÇΓöÇΓöÇΓöÇΓöÇΓöÇΓöÇΓöÇΓöÇΓöÇΓöÇΓöÇΓöÇΓöÇΓöÇΓöÇΓöÇΓöÇΓöÇ  
   FAILED  Tests\Feature\EmployeesRbacTest > manager can creΓÇª  QueryException   
  SQLSTATE[23502]: Not null violation: 7 ERROR:  null value in column "company_id" of relation "employees" violates not-null constraint
DETAIL:  Failing row contains (1, null, null, null, null, null, null, null, null, manager@a.test, null, null, $2y$04$.FTCiQswcgyeg0PEBBvsTeO2XzQiBk6/FS.JPxz0j5hUSTDpdXnDe, null, null, null, null, null, null, null, CDI, 2026-04-19, null, fixed, 0.00, 0.00, manager, null, null, active, null, f, f, null, null, null, null, null, null, null, null, null, null, 2026-04-19 10:26:39, 2026-04-19 10:26:39). (Connection: pgsql, SQL: insert into "employees" ("email", "password_hash", "role", "status", "updated_at", "created_at") values (manager@a.test, $2y$04$.FTCiQswcgyeg0PEBBvsTeO2XzQiBk6/FS.JPxz0j5hUSTDpdXnDe, manager, active, 2026-04-19 10:26:39, 2026-04-19 10:26:39) returning "id")

  at vendor/laravel/framework/src/Illuminate/Database/Connection.php:412
    408Γûò             );
    409Γûò 
    410Γûò             $this->bindValues($statement, $this->prepareBindings($bindings));
    411Γûò 
  Γ₧£ 412Γûò             $statement->execute();
    413Γûò 
    414Γûò             return $statement->fetchAll();
    415Γûò         });
    416Γûò     }

      [2m+14 vendor frames [22m
  15  tests/Feature/EmployeesRbacTest.php:220

  ΓöÇΓöÇΓöÇΓöÇΓöÇΓöÇΓöÇΓöÇΓöÇΓöÇΓöÇΓöÇΓöÇΓöÇΓöÇΓöÇΓöÇΓöÇΓöÇΓöÇΓöÇΓöÇΓöÇΓöÇΓöÇΓöÇΓöÇΓöÇΓöÇΓöÇΓöÇΓöÇΓöÇΓöÇΓöÇΓöÇΓöÇΓöÇΓöÇΓöÇΓöÇΓöÇΓöÇΓöÇΓöÇΓöÇΓöÇΓöÇΓöÇΓöÇΓöÇΓöÇΓöÇΓöÇΓöÇΓöÇΓöÇΓöÇΓöÇΓöÇΓöÇΓöÇΓöÇΓöÇΓöÇΓöÇΓöÇΓöÇΓöÇΓöÇΓöÇΓöÇΓöÇΓöÇΓöÇΓöÇ  
   FAILED  Tests\Feature\EmployeesRbacTest > manager cannotΓÇª   QueryException   
  SQLSTATE[23502]: Not null violation: 7 ERROR:  null value in column "company_id" of relation "employees" violates not-null constraint
DETAIL:  Failing row contains (1, null, null, null, null, null, null, null, null, manager@a.test, null, null, $2y$04$c7IoIErSflQPEqx/.i1NQuNVeXqJQ6qrnMRoG3ppqFaVniL8uNJwa, null, null, null, null, null, null, null, CDI, 2026-04-19, null, fixed, 0.00, 0.00, manager, null, null, active, null, f, f, null, null, null, null, null, null, null, null, null, null, 2026-04-19 10:26:48, 2026-04-19 10:26:48). (Connection: pgsql, SQL: insert into "employees" ("email", "password_hash", "role", "status", "updated_at", "created_at") values (manager@a.test, $2y$04$c7IoIErSflQPEqx/.i1NQuNVeXqJQ6qrnMRoG3ppqFaVniL8uNJwa, manager, active, 2026-04-19 10:26:48, 2026-04-19 10:26:48) returning "id")

  at vendor/laravel/framework/src/Illuminate/Database/Connection.php:412
    408Γûò             );
    409Γûò 
    410Γûò             $this->bindValues($statement, $this->prepareBindings($bindings));
    411Γûò 
  Γ₧£ 412Γûò             $statement->execute();
    413Γûò 
    414Γûò             return $statement->fetchAll();
    415Γûò         });
    416Γûò     }

      [2m+14 vendor frames [22m
  15  tests/Feature/EmployeesRbacTest.php:276

  ΓöÇΓöÇΓöÇΓöÇΓöÇΓöÇΓöÇΓöÇΓöÇΓöÇΓöÇΓöÇΓöÇΓöÇΓöÇΓöÇΓöÇΓöÇΓöÇΓöÇΓöÇΓöÇΓöÇΓöÇΓöÇΓöÇΓöÇΓöÇΓöÇΓöÇΓöÇΓöÇΓöÇΓöÇΓöÇΓöÇΓöÇΓöÇΓöÇΓöÇΓöÇΓöÇΓöÇΓöÇΓöÇΓöÇΓöÇΓöÇΓöÇΓöÇΓöÇΓöÇΓöÇΓöÇΓöÇΓöÇΓöÇΓöÇΓöÇΓöÇΓöÇΓöÇΓöÇΓöÇΓöÇΓöÇΓöÇΓöÇΓöÇΓöÇΓöÇΓöÇΓöÇΓöÇΓöÇΓöÇ  
   FAILED  Tests\Feature\EmployeesRbacTest > manager can creΓÇª  QueryException   
  SQLSTATE[23502]: Not null violation: 7 ERROR:  null value in column "company_id" of relation "employees" violates not-null constraint
DETAIL:  Failing row contains (1, null, null, null, null, null, null, null, null, manager@a.test, null, null, $2y$04$oPuWUl6OKLxUSrN9EoP4nO1mEZRDg/lieIA11KuzT4UhabHlVaSgu, null, null, null, null, null, null, null, CDI, 2026-04-19, null, fixed, 0.00, 0.00, manager, null, null, active, null, f, f, null, null, null, null, null, null, null, null, null, null, 2026-04-19 10:26:58, 2026-04-19 10:26:58). (Connection: pgsql, SQL: insert into "employees" ("email", "password_hash", "role", "status", "updated_at", "created_at") values (manager@a.test, $2y$04$oPuWUl6OKLxUSrN9EoP4nO1mEZRDg/lieIA11KuzT4UhabHlVaSgu, manager, active, 2026-04-19 10:26:58, 2026-04-19 10:26:58) returning "id")

  at vendor/laravel/framework/src/Illuminate/Database/Connection.php:412
    408Γûò             );
    409Γûò 
    410Γûò             $this->bindValues($statement, $this->prepareBindings($bindings));
    411Γûò 
  Γ₧£ 412Γûò             $statement->execute();
    413Γûò 
    414Γûò             return $statement->fetchAll();
    415Γûò         });
    416Γûò     }

      [2m+14 vendor frames [22m
  15  tests/Feature/EmployeesRbacTest.php:333

  ΓöÇΓöÇΓöÇΓöÇΓöÇΓöÇΓöÇΓöÇΓöÇΓöÇΓöÇΓöÇΓöÇΓöÇΓöÇΓöÇΓöÇΓöÇΓöÇΓöÇΓöÇΓöÇΓöÇΓöÇΓöÇΓöÇΓöÇΓöÇΓöÇΓöÇΓöÇΓöÇΓöÇΓöÇΓöÇΓöÇΓöÇΓöÇΓöÇΓöÇΓöÇΓöÇΓöÇΓöÇΓöÇΓöÇΓöÇΓöÇΓöÇΓöÇΓöÇΓöÇΓöÇΓöÇΓöÇΓöÇΓöÇΓöÇΓöÇΓöÇΓöÇΓöÇΓöÇΓöÇΓöÇΓöÇΓöÇΓöÇΓöÇΓöÇΓöÇΓöÇΓöÇΓöÇΓöÇΓöÇ  
   FAILED  Tests\Feature\EmployeesRbacTest > manager cannotΓÇª   QueryException   
  SQLSTATE[23502]: Not null violation: 7 ERROR:  null value in column "company_id" of relation "employees" violates not-null constraint
DETAIL:  Failing row contains (1, null, null, null, null, null, null, null, null, manager@a.test, null, null, $2y$04$U/zIctXdYUAwqmhfAz/7heAH.2IWv4WtW3q./mZA4bs/YBr93mnwC, null, null, null, null, null, null, null, CDI, 2026-04-19, null, fixed, 0.00, 0.00, manager, null, null, active, null, f, f, null, null, null, null, null, null, null, null, null, null, 2026-04-19 10:27:08, 2026-04-19 10:27:08). (Connection: pgsql, SQL: insert into "employees" ("email", "password_hash", "role", "status", "updated_at", "created_at") values (manager@a.test, $2y$04$U/zIctXdYUAwqmhfAz/7heAH.2IWv4WtW3q./mZA4bs/YBr93mnwC, manager, active, 2026-04-19 10:27:08, 2026-04-19 10:27:08) returning "id")

  at vendor/laravel/framework/src/Illuminate/Database/Connection.php:412
    408Γûò             );
    409Γûò 
    410Γûò             $this->bindValues($statement, $this->prepareBindings($bindings));
    411Γûò 
  Γ₧£ 412Γûò             $statement->execute();
    413Γûò 
    414Γûò             return $statement->fetchAll();
    415Γûò         });
    416Γûò     }

      [2m+14 vendor frames [22m
  15  tests/Feature/EmployeesRbacTest.php:383

  ΓöÇΓöÇΓöÇΓöÇΓöÇΓöÇΓöÇΓöÇΓöÇΓöÇΓöÇΓöÇΓöÇΓöÇΓöÇΓöÇΓöÇΓöÇΓöÇΓöÇΓöÇΓöÇΓöÇΓöÇΓöÇΓöÇΓöÇΓöÇΓöÇΓöÇΓöÇΓöÇΓöÇΓöÇΓöÇΓöÇΓöÇΓöÇΓöÇΓöÇΓöÇΓöÇΓöÇΓöÇΓöÇΓöÇΓöÇΓöÇΓöÇΓöÇΓöÇΓöÇΓöÇΓöÇΓöÇΓöÇΓöÇΓöÇΓöÇΓöÇΓöÇΓöÇΓöÇΓöÇΓöÇΓöÇΓöÇΓöÇΓöÇΓöÇΓöÇΓöÇΓöÇΓöÇΓöÇΓöÇ  
   FAILED  Tests\Feature\EmployeesRbacTest > manager cannotΓÇª   QueryException   
  SQLSTATE[23502]: Not null violation: 7 ERROR:  null value in column "company_id" of relation "employees" violates not-null constraint
DETAIL:  Failing row contains (1, null, null, null, null, null, null, null, null, manager@a.test, null, null, $2y$04$EJmu19QjQIopcy8JHYGPhOIMha89qkKyxZ06YAxtW.Au82Oz0FSg6, null, null, null, null, null, null, null, CDI, 2026-04-19, null, fixed, 0.00, 0.00, manager, null, null, active, null, f, f, null, null, null, null, null, null, null, null, null, null, 2026-04-19 10:27:22, 2026-04-19 10:27:22). (Connection: pgsql, SQL: insert into "employees" ("email", "password_hash", "role", "status", "updated_at", "created_at") values (manager@a.test, $2y$04$EJmu19QjQIopcy8JHYGPhOIMha89qkKyxZ06YAxtW.Au82Oz0FSg6, manager, active, 2026-04-19 10:27:22, 2026-04-19 10:27:22) returning "id")

  at vendor/laravel/framework/src/Illuminate/Database/Connection.php:412
    408Γûò             );
    409Γûò 
    410Γûò             $this->bindValues($statement, $this->prepareBindings($bindings));
    411Γûò 
  Γ₧£ 412Γûò             $statement->execute();
    413Γûò 
    414Γûò             return $statement->fetchAll();
    415Γûò         });
    416Γûò     }

      [2m+14 vendor frames [22m
  15  tests/Feature/EmployeesRbacTest.php:432

  ΓöÇΓöÇΓöÇΓöÇΓöÇΓöÇΓöÇΓöÇΓöÇΓöÇΓöÇΓöÇΓöÇΓöÇΓöÇΓöÇΓöÇΓöÇΓöÇΓöÇΓöÇΓöÇΓöÇΓöÇΓöÇΓöÇΓöÇΓöÇΓöÇΓöÇΓöÇΓöÇΓöÇΓöÇΓöÇΓöÇΓöÇΓöÇΓöÇΓöÇΓöÇΓöÇΓöÇΓöÇΓöÇΓöÇΓöÇΓöÇΓöÇΓöÇΓöÇΓöÇΓöÇΓöÇΓöÇΓöÇΓöÇΓöÇΓöÇΓöÇΓöÇΓöÇΓöÇΓöÇΓöÇΓöÇΓöÇΓöÇΓöÇΓöÇΓöÇΓöÇΓöÇΓöÇΓöÇΓöÇ  
   FAILED  Tests\Feature\EmployeesRbacTest > employee can upΓÇª  QueryException   
  SQLSTATE[23502]: Not null violation: 7 ERROR:  null value in column "company_id" of relation "employees" violates not-null constraint
DETAIL:  Failing row contains (1, null, null, null, null, null, null, null, null, employee@a.test, null, null, $2y$04$fnCeaFsHcbVGDrUe/477XurDZnFpY5t7v8dLqPqjRim6cSK.cJDIO, null, null, null, null, null, null, null, CDI, 2026-04-19, null, fixed, 0.00, 0.00, employee, null, null, active, null, f, f, null, null, null, null, null, null, null, null, null, null, 2026-04-19 10:27:30, 2026-04-19 10:27:30). (Connection: pgsql, SQL: insert into "employees" ("email", "password_hash", "role", "status", "updated_at", "created_at") values (employee@a.test, $2y$04$fnCeaFsHcbVGDrUe/477XurDZnFpY5t7v8dLqPqjRim6cSK.cJDIO, employee, active, 2026-04-19 10:27:30, 2026-04-19 10:27:30) returning "id")

  at vendor/laravel/framework/src/Illuminate/Database/Connection.php:412
    408Γûò             );
    409Γûò 
    410Γûò             $this->bindValues($statement, $this->prepareBindings($bindings));
    411Γûò 
  Γ₧£ 412Γûò             $statement->execute();
    413Γûò 
    414Γûò             return $statement->fetchAll();
    415Γûò         });
    416Γûò     }

      [2m+14 vendor frames [22m
  15  tests/Feature/EmployeesRbacTest.php:483

  ΓöÇΓöÇΓöÇΓöÇΓöÇΓöÇΓöÇΓöÇΓöÇΓöÇΓöÇΓöÇΓöÇΓöÇΓöÇΓöÇΓöÇΓöÇΓöÇΓöÇΓöÇΓöÇΓöÇΓöÇΓöÇΓöÇΓöÇΓöÇΓöÇΓöÇΓöÇΓöÇΓöÇΓöÇΓöÇΓöÇΓöÇΓöÇΓöÇΓöÇΓöÇΓöÇΓöÇΓöÇΓöÇΓöÇΓöÇΓöÇΓöÇΓöÇΓöÇΓöÇΓöÇΓöÇΓöÇΓöÇΓöÇΓöÇΓöÇΓöÇΓöÇΓöÇΓöÇΓöÇΓöÇΓöÇΓöÇΓöÇΓöÇΓöÇΓöÇΓöÇΓöÇΓöÇΓöÇΓöÇ  
   FAILED  Tests\Feature\Estimation\DailySummaryTest > returΓÇª  QueryException   
  SQLSTATE[23502]: Not null violation: 7 ERROR:  null value in column "company_id" of relation "employees" violates not-null constraint
DETAIL:  Failing row contains (1, null, null, null, null, null, null, null, null, employee@a.test, null, null, $2y$04$kHeo77KRFpeBQKwX6KSVb.G27N9z.9gtaUCQJKT3jkwQw0RzNzSti, null, null, null, null, null, null, null, CDI, 2026-04-19, null, hourly, 0.00, 50.00, employee, null, null, active, null, f, f, null, null, null, null, null, null, null, null, null, null, 2026-04-19 10:27:38, 2026-04-19 10:27:38). (Connection: pgsql, SQL: insert into "employees" ("email", "password_hash", "role", "status", "salary_type", "hourly_rate", "updated_at", "created_at") values (employee@a.test, $2y$04$kHeo77KRFpeBQKwX6KSVb.G27N9z.9gtaUCQJKT3jkwQw0RzNzSti, employee, active, hourly, 50, 2026-04-19 10:27:38, 2026-04-19 10:27:38) returning "id")

  at vendor/laravel/framework/src/Illuminate/Database/Connection.php:412
    408Γûò             );
    409Γûò 
    410Γûò             $this->bindValues($statement, $this->prepareBindings($bindings));
    411Γûò 
  Γ₧£ 412Γûò             $statement->execute();
    413Γûò 
    414Γûò             return $statement->fetchAll();
    415Γûò         });
    416Γûò     }

      [2m+14 vendor frames [22m
  15  tests/Feature/Estimation/DailySummaryTest.php:46

  ΓöÇΓöÇΓöÇΓöÇΓöÇΓöÇΓöÇΓöÇΓöÇΓöÇΓöÇΓöÇΓöÇΓöÇΓöÇΓöÇΓöÇΓöÇΓöÇΓöÇΓöÇΓöÇΓöÇΓöÇΓöÇΓöÇΓöÇΓöÇΓöÇΓöÇΓöÇΓöÇΓöÇΓöÇΓöÇΓöÇΓöÇΓöÇΓöÇΓöÇΓöÇΓöÇΓöÇΓöÇΓöÇΓöÇΓöÇΓöÇΓöÇΓöÇΓöÇΓöÇΓöÇΓöÇΓöÇΓöÇΓöÇΓöÇΓöÇΓöÇΓöÇΓöÇΓöÇΓöÇΓöÇΓöÇΓöÇΓöÇΓöÇΓöÇΓöÇΓöÇΓöÇΓöÇΓöÇΓöÇ  
   FAILED  Tests\Feature\Estimation\DailySummaryTest > returΓÇª  QueryException   
  SQLSTATE[23502]: Not null violation: 7 ERROR:  null value in column "company_id" of relation "employees" violates not-null constraint
DETAIL:  Failing row contains (1, null, null, null, null, Ahmed, null, Benali, null, employee@a.test, null, null, $2y$04$Ex2Su.uqRgISODuK3gf3heExooDbrKtA7TKWGRq.jMW8KlTulBr6y, null, null, null, null, null, null, null, CDI, 2026-04-19, null, hourly, 0.00, 100.00, employee, null, null, active, null, f, f, null, null, null, null, null, null, null, null, null, null, 2026-04-19 10:27:45, 2026-04-19 10:27:45). (Connection: pgsql, SQL: insert into "employees" ("first_name", "last_name", "email", "password_hash", "role", "status", "salary_type", "hourly_rate", "updated_at", "created_at") values (Ahmed, Benali, employee@a.test, $2y$04$Ex2Su.uqRgISODuK3gf3heExooDbrKtA7TKWGRq.jMW8KlTulBr6y, employee, active, hourly, 100, 2026-04-19 10:27:45, 2026-04-19 10:27:45) returning "id")

  at vendor/laravel/framework/src/Illuminate/Database/Connection.php:412
    408Γûò             );
    409Γûò 
    410Γûò             $this->bindValues($statement, $this->prepareBindings($bindings));
    411Γûò 
  Γ₧£ 412Γûò             $statement->execute();
    413Γûò 
    414Γûò             return $statement->fetchAll();
    415Γûò         });
    416Γûò     }

      [2m+14 vendor frames [22m
  15  tests/Feature/Estimation/DailySummaryTest.php:82

  ΓöÇΓöÇΓöÇΓöÇΓöÇΓöÇΓöÇΓöÇΓöÇΓöÇΓöÇΓöÇΓöÇΓöÇΓöÇΓöÇΓöÇΓöÇΓöÇΓöÇΓöÇΓöÇΓöÇΓöÇΓöÇΓöÇΓöÇΓöÇΓöÇΓöÇΓöÇΓöÇΓöÇΓöÇΓöÇΓöÇΓöÇΓöÇΓöÇΓöÇΓöÇΓöÇΓöÇΓöÇΓöÇΓöÇΓöÇΓöÇΓöÇΓöÇΓöÇΓöÇΓöÇΓöÇΓöÇΓöÇΓöÇΓöÇΓöÇΓöÇΓöÇΓöÇΓöÇΓöÇΓöÇΓöÇΓöÇΓöÇΓöÇΓöÇΓöÇΓöÇΓöÇΓöÇΓöÇΓöÇ  
   FAILED  Tests\Feature\Estimation\DailySummaryTest > emploΓÇª  QueryException   
  SQLSTATE[23502]: Not null violation: 7 ERROR:  null value in column "company_id" of relation "employees" violates not-null constraint
DETAIL:  Failing row contains (1, null, null, null, null, null, null, null, null, a@company.test, null, null, $2y$04$3nUc.luByNrpUe1F7VDuOe2//eHWK5.fcYm.8uajkhZlFIy02fVt2, null, null, null, null, null, null, null, CDI, 2026-04-19, null, hourly, 0.00, 50.00, employee, null, null, active, null, f, f, null, null, null, null, null, null, null, null, null, null, 2026-04-19 10:27:53, 2026-04-19 10:27:53). (Connection: pgsql, SQL: insert into "employees" ("email", "password_hash", "role", "status", "salary_type", "hourly_rate", "updated_at", "created_at") values (a@company.test, $2y$04$3nUc.luByNrpUe1F7VDuOe2//eHWK5.fcYm.8uajkhZlFIy02fVt2, employee, active, hourly, 50, 2026-04-19 10:27:53, 2026-04-19 10:27:53) returning "id")

  at vendor/laravel/framework/src/Illuminate/Database/Connection.php:412
    408Γûò             );
    409Γûò 
    410Γûò             $this->bindValues($statement, $this->prepareBindings($bindings));
    411Γûò 
  Γ₧£ 412Γûò             $statement->execute();
    413Γûò 
    414Γûò             return $statement->fetchAll();
    415Γûò         });
    416Γûò     }

      [2m+14 vendor frames [22m
  15  tests/Feature/Estimation/DailySummaryTest.php:135

  ΓöÇΓöÇΓöÇΓöÇΓöÇΓöÇΓöÇΓöÇΓöÇΓöÇΓöÇΓöÇΓöÇΓöÇΓöÇΓöÇΓöÇΓöÇΓöÇΓöÇΓöÇΓöÇΓöÇΓöÇΓöÇΓöÇΓöÇΓöÇΓöÇΓöÇΓöÇΓöÇΓöÇΓöÇΓöÇΓöÇΓöÇΓöÇΓöÇΓöÇΓöÇΓöÇΓöÇΓöÇΓöÇΓöÇΓöÇΓöÇΓöÇΓöÇΓöÇΓöÇΓöÇΓöÇΓöÇΓöÇΓöÇΓöÇΓöÇΓöÇΓöÇΓöÇΓöÇΓöÇΓöÇΓöÇΓöÇΓöÇΓöÇΓöÇΓöÇΓöÇΓöÇΓöÇΓöÇΓöÇ  
   FAILED  Tests\Feature\Estimation\DailySummaryTest > managΓÇª  QueryException   
  SQLSTATE[23502]: Not null violation: 7 ERROR:  null value in column "company_id" of relation "employees" violates not-null constraint
DETAIL:  Failing row contains (1, null, null, null, null, null, null, null, null, manager@company.test, null, null, $2y$04$x/sKDty8OAqWnIXY6srxfeyvGpI65FExX.mcD5osWDRYhXOR5IhFK, null, null, null, null, null, null, null, CDI, 2026-04-19, null, fixed, 0.00, 0.00, manager, null, null, active, null, f, f, null, null, null, null, null, null, null, null, null, null, 2026-04-19 10:28:04, 2026-04-19 10:28:04). (Connection: pgsql, SQL: insert into "employees" ("email", "password_hash", "role", "status", "salary_type", "salary_base", "updated_at", "created_at") values (manager@company.test, $2y$04$x/sKDty8OAqWnIXY6srxfeyvGpI65FExX.mcD5osWDRYhXOR5IhFK, manager, active, fixed, 0, 2026-04-19 10:28:04, 2026-04-19 10:28:04) returning "id")

  at vendor/laravel/framework/src/Illuminate/Database/Connection.php:412
    408Γûò             );
    409Γûò 
    410Γûò             $this->bindValues($statement, $this->prepareBindings($bindings));
    411Γûò 
  Γ₧£ 412Γûò             $statement->execute();
    413Γûò 
    414Γûò             return $statement->fetchAll();
    415Γûò         });
    416Γûò     }

      [2m+14 vendor frames [22m
  15  tests/Feature/Estimation/DailySummaryTest.php:177

  ΓöÇΓöÇΓöÇΓöÇΓöÇΓöÇΓöÇΓöÇΓöÇΓöÇΓöÇΓöÇΓöÇΓöÇΓöÇΓöÇΓöÇΓöÇΓöÇΓöÇΓöÇΓöÇΓöÇΓöÇΓöÇΓöÇΓöÇΓöÇΓöÇΓöÇΓöÇΓöÇΓöÇΓöÇΓöÇΓöÇΓöÇΓöÇΓöÇΓöÇΓöÇΓöÇΓöÇΓöÇΓöÇΓöÇΓöÇΓöÇΓöÇΓöÇΓöÇΓöÇΓöÇΓöÇΓöÇΓöÇΓöÇΓöÇΓöÇΓöÇΓöÇΓöÇΓöÇΓöÇΓöÇΓöÇΓöÇΓöÇΓöÇΓöÇΓöÇΓöÇΓöÇΓöÇΓöÇΓöÇ  
   FAILED  Tests\Feature\Estimation\QuickEstimateTest > manaΓÇª  QueryException   
  SQLSTATE[23502]: Not null violation: 7 ERROR:  null value in column "company_id" of relation "employees" violates not-null constraint
DETAIL:  Failing row contains (1, null, null, null, null, null, null, null, null, manager@company.test, null, null, $2y$04$bjoNqDgTVPpy05RmYpysjuJVxtMUqnEX8JDEnFZs4Q7bcqf4RS9Xq, null, null, null, null, null, null, null, CDI, 2026-04-19, null, fixed, 0.00, 0.00, manager, null, null, active, null, f, f, null, null, null, null, null, null, null, null, null, null, 2026-04-19 10:28:12, 2026-04-19 10:28:12). (Connection: pgsql, SQL: insert into "employees" ("email", "password_hash", "role", "status", "salary_type", "salary_base", "updated_at", "created_at") values (manager@company.test, $2y$04$bjoNqDgTVPpy05RmYpysjuJVxtMUqnEX8JDEnFZs4Q7bcqf4RS9Xq, manager, active, fixed, 0, 2026-04-19 10:28:12, 2026-04-19 10:28:12) returning "id")

  at vendor/laravel/framework/src/Illuminate/Database/Connection.php:412
    408Γûò             );
    409Γûò 
    410Γûò             $this->bindValues($statement, $this->prepareBindings($bindings));
    411Γûò 
  Γ₧£ 412Γûò             $statement->execute();
    413Γûò 
    414Γûò             return $statement->fetchAll();
    415Γûò         });
    416Γûò     }

      [2m+14 vendor frames [22m
  15  tests/Feature/Estimation/QuickEstimateTest.php:46

  ΓöÇΓöÇΓöÇΓöÇΓöÇΓöÇΓöÇΓöÇΓöÇΓöÇΓöÇΓöÇΓöÇΓöÇΓöÇΓöÇΓöÇΓöÇΓöÇΓöÇΓöÇΓöÇΓöÇΓöÇΓöÇΓöÇΓöÇΓöÇΓöÇΓöÇΓöÇΓöÇΓöÇΓöÇΓöÇΓöÇΓöÇΓöÇΓöÇΓöÇΓöÇΓöÇΓöÇΓöÇΓöÇΓöÇΓöÇΓöÇΓöÇΓöÇΓöÇΓöÇΓöÇΓöÇΓöÇΓöÇΓöÇΓöÇΓöÇΓöÇΓöÇΓöÇΓöÇΓöÇΓöÇΓöÇΓöÇΓöÇΓöÇΓöÇΓöÇΓöÇΓöÇΓöÇΓöÇΓöÇ  
   FAILED  Tests\Feature\Estimation\QuickEstimateTest > emplΓÇª  QueryException   
  SQLSTATE[23502]: Not null violation: 7 ERROR:  null value in column "company_id" of relation "employees" violates not-null constraint
DETAIL:  Failing row contains (1, null, null, null, null, null, null, null, null, employee@company.test, null, null, $2y$04$Ydu15weGttKC0UPWvOpk/eggXJAhFDV.w74x45KehIQ.mteHJY3GS, null, null, null, null, null, null, null, CDI, 2026-04-19, null, hourly, 0.00, 50.00, employee, null, null, active, null, f, f, null, null, null, null, null, null, null, null, null, null, 2026-04-19 10:28:21, 2026-04-19 10:28:21). (Connection: pgsql, SQL: insert into "employees" ("email", "password_hash", "role", "status", "salary_type", "hourly_rate", "updated_at", "created_at") values (employee@company.test, $2y$04$Ydu15weGttKC0UPWvOpk/eggXJAhFDV.w74x45KehIQ.mteHJY3GS, employee, active, hourly, 50, 2026-04-19 10:28:21, 2026-04-19 10:28:21) returning "id")

  at vendor/laravel/framework/src/Illuminate/Database/Connection.php:412
    408Γûò             );
    409Γûò 
    410Γûò             $this->bindValues($statement, $this->prepareBindings($bindings));
    411Γûò 
  Γ₧£ 412Γûò             $statement->execute();
    413Γûò 
    414Γûò             return $statement->fetchAll();
    415Γûò         });
    416Γûò     }

      [2m+14 vendor frames [22m
  15  tests/Feature/Estimation/QuickEstimateTest.php:122

  ΓöÇΓöÇΓöÇΓöÇΓöÇΓöÇΓöÇΓöÇΓöÇΓöÇΓöÇΓöÇΓöÇΓöÇΓöÇΓöÇΓöÇΓöÇΓöÇΓöÇΓöÇΓöÇΓöÇΓöÇΓöÇΓöÇΓöÇΓöÇΓöÇΓöÇΓöÇΓöÇΓöÇΓöÇΓöÇΓöÇΓöÇΓöÇΓöÇΓöÇΓöÇΓöÇΓöÇΓöÇΓöÇΓöÇΓöÇΓöÇΓöÇΓöÇΓöÇΓöÇΓöÇΓöÇΓöÇΓöÇΓöÇΓöÇΓöÇΓöÇΓöÇΓöÇΓöÇΓöÇΓöÇΓöÇΓöÇΓöÇΓöÇΓöÇΓöÇΓöÇΓöÇΓöÇΓöÇΓöÇ  
   FAILED  Tests\Feature\Estimation\QuickEstimateTest > quicΓÇª  QueryException   
  SQLSTATE[23502]: Not null violation: 7 ERROR:  null value in column "company_id" of relation "employees" violates not-null constraint
DETAIL:  Failing row contains (1, null, null, null, null, null, null, null, null, manager@company.test, null, null, $2y$04$2azDiGvW3LldWq.3ekR7guX8DQmRUpRdeCocd.o1Mqz.kuilfTjOa, null, null, null, null, null, null, null, CDI, 2026-04-19, null, fixed, 0.00, 0.00, manager, null, null, active, null, f, f, null, null, null, null, null, null, null, null, null, null, 2026-04-19 10:28:27, 2026-04-19 10:28:27). (Connection: pgsql, SQL: insert into "employees" ("email", "password_hash", "role", "status", "salary_type", "salary_base", "updated_at", "created_at") values (manager@company.test, $2y$04$2azDiGvW3LldWq.3ekR7guX8DQmRUpRdeCocd.o1Mqz.kuilfTjOa, manager, active, fixed, 0, 2026-04-19 10:28:27, 2026-04-19 10:28:27) returning "id")

  at vendor/laravel/framework/src/Illuminate/Database/Connection.php:412
    408Γûò             );
    409Γûò 
    410Γûò             $this->bindValues($statement, $this->prepareBindings($bindings));
    411Γûò 
  Γ₧£ 412Γûò             $statement->execute();
    413Γûò 
    414Γûò             return $statement->fetchAll();
    415Γûò         });
    416Γûò     }

      [2m+14 vendor frames [22m
  15  tests/Feature/Estimation/QuickEstimateTest.php:154

  ΓöÇΓöÇΓöÇΓöÇΓöÇΓöÇΓöÇΓöÇΓöÇΓöÇΓöÇΓöÇΓöÇΓöÇΓöÇΓöÇΓöÇΓöÇΓöÇΓöÇΓöÇΓöÇΓöÇΓöÇΓöÇΓöÇΓöÇΓöÇΓöÇΓöÇΓöÇΓöÇΓöÇΓöÇΓöÇΓöÇΓöÇΓöÇΓöÇΓöÇΓöÇΓöÇΓöÇΓöÇΓöÇΓöÇΓöÇΓöÇΓöÇΓöÇΓöÇΓöÇΓöÇΓöÇΓöÇΓöÇΓöÇΓöÇΓöÇΓöÇΓöÇΓöÇΓöÇΓöÇΓöÇΓöÇΓöÇΓöÇΓöÇΓöÇΓöÇΓöÇΓöÇΓöÇΓöÇΓöÇ  
   FAILED  Tests\Feature\Estimation\ReceiptPdfTest > managerΓÇª  QueryException   
  SQLSTATE[23502]: Not null violation: 7 ERROR:  null value in column "company_id" of relation "employees" violates not-null constraint
DETAIL:  Failing row contains (1, null, null, null, null, null, null, null, null, manager@company.test, null, null, $2y$04$KpbXxwcRXx.ze72y9jNDhuKWOH1sgmU2OoLt6TNwiepmzP6A5np1q, null, null, null, null, null, null, null, CDI, 2026-04-19, null, fixed, 0.00, 0.00, manager, null, null, active, null, f, f, null, null, null, null, null, null, null, null, null, null, 2026-04-19 10:28:34, 2026-04-19 10:28:34). (Connection: pgsql, SQL: insert into "employees" ("email", "password_hash", "role", "status", "salary_type", "salary_base", "updated_at", "created_at") values (manager@company.test, $2y$04$KpbXxwcRXx.ze72y9jNDhuKWOH1sgmU2OoLt6TNwiepmzP6A5np1q, manager, active, fixed, 0, 2026-04-19 10:28:34, 2026-04-19 10:28:34) returning "id")

  at vendor/laravel/framework/src/Illuminate/Database/Connection.php:412
    408Γûò             );
    409Γûò 
    410Γûò             $this->bindValues($statement, $this->prepareBindings($bindings));
    411Γûò 
  Γ₧£ 412Γûò             $statement->execute();
    413Γûò 
    414Γûò             return $statement->fetchAll();
    415Γûò         });
    416Γûò     }

      [2m+14 vendor frames [22m
  15  tests/Feature/Estimation/ReceiptPdfTest.php:46

  ΓöÇΓöÇΓöÇΓöÇΓöÇΓöÇΓöÇΓöÇΓöÇΓöÇΓöÇΓöÇΓöÇΓöÇΓöÇΓöÇΓöÇΓöÇΓöÇΓöÇΓöÇΓöÇΓöÇΓöÇΓöÇΓöÇΓöÇΓöÇΓöÇΓöÇΓöÇΓöÇΓöÇΓöÇΓöÇΓöÇΓöÇΓöÇΓöÇΓöÇΓöÇΓöÇΓöÇΓöÇΓöÇΓöÇΓöÇΓöÇΓöÇΓöÇΓöÇΓöÇΓöÇΓöÇΓöÇΓöÇΓöÇΓöÇΓöÇΓöÇΓöÇΓöÇΓöÇΓöÇΓöÇΓöÇΓöÇΓöÇΓöÇΓöÇΓöÇΓöÇΓöÇΓöÇΓöÇΓöÇ  
   FAILED  Tests\Feature\Estimation\ReceiptPdfTest > employeΓÇª  QueryException   
  SQLSTATE[23502]: Not null violation: 7 ERROR:  null value in column "company_id" of relation "employees" violates not-null constraint
DETAIL:  Failing row contains (1, null, null, null, null, null, null, null, null, employee@company.test, null, null, $2y$04$ec6OW6g7Y/BNWPEAWPC1cOo6KKm1X5gn8eoKhocV/XhyBRCsmw862, null, null, null, null, null, null, null, CDI, 2026-04-19, null, hourly, 0.00, 50.00, employee, null, null, active, null, f, f, null, null, null, null, null, null, null, null, null, null, 2026-04-19 10:28:46, 2026-04-19 10:28:46). (Connection: pgsql, SQL: insert into "employees" ("email", "password_hash", "role", "status", "salary_type", "hourly_rate", "updated_at", "created_at") values (employee@company.test, $2y$04$ec6OW6g7Y/BNWPEAWPC1cOo6KKm1X5gn8eoKhocV/XhyBRCsmw862, employee, active, hourly, 50, 2026-04-19 10:28:46, 2026-04-19 10:28:46) returning "id")

  at vendor/laravel/framework/src/Illuminate/Database/Connection.php:412
    408Γûò             );
    409Γûò 
    410Γûò             $this->bindValues($statement, $this->prepareBindings($bindings));
    411Γûò 
  Γ₧£ 412Γûò             $statement->execute();
    413Γûò 
    414Γûò             return $statement->fetchAll();
    415Γûò         });
    416Γûò     }

      [2m+14 vendor frames [22m
  15  tests/Feature/Estimation/ReceiptPdfTest.php:108

  ΓöÇΓöÇΓöÇΓöÇΓöÇΓöÇΓöÇΓöÇΓöÇΓöÇΓöÇΓöÇΓöÇΓöÇΓöÇΓöÇΓöÇΓöÇΓöÇΓöÇΓöÇΓöÇΓöÇΓöÇΓöÇΓöÇΓöÇΓöÇΓöÇΓöÇΓöÇΓöÇΓöÇΓöÇΓöÇΓöÇΓöÇΓöÇΓöÇΓöÇΓöÇΓöÇΓöÇΓöÇΓöÇΓöÇΓöÇΓöÇΓöÇΓöÇΓöÇΓöÇΓöÇΓöÇΓöÇΓöÇΓöÇΓöÇΓöÇΓöÇΓöÇΓöÇΓöÇΓöÇΓöÇΓöÇΓöÇΓöÇΓöÇΓöÇΓöÇΓöÇΓöÇΓöÇΓöÇΓöÇ  
   FAILED  Tests\Feature\Estimation\TenantIsolationTest > maΓÇª  QueryException   
  SQLSTATE[23502]: Not null violation: 7 ERROR:  null value in column "company_id" of relation "employees" violates not-null constraint
DETAIL:  Failing row contains (1, null, null, null, null, null, null, null, null, manager@a.test, null, null, $2y$04$Fgln9gmp3E8.rvzAW44YYOOWwSUKDPoe9cFRf4uHCeVuansASzOve, null, null, null, null, null, null, null, CDI, 2026-04-19, null, fixed, 0.00, 0.00, manager, null, null, active, null, f, f, null, null, null, null, null, null, null, null, null, null, 2026-04-19 10:28:51, 2026-04-19 10:28:51). (Connection: pgsql, SQL: insert into "employees" ("email", "password_hash", "role", "status", "updated_at", "created_at") values (manager@a.test, $2y$04$Fgln9gmp3E8.rvzAW44YYOOWwSUKDPoe9cFRf4uHCeVuansASzOve, manager, active, 2026-04-19 10:28:51, 2026-04-19 10:28:51) returning "id")

  at vendor/laravel/framework/src/Illuminate/Database/Connection.php:412
    408Γûò             );
    409Γûò 
    410Γûò             $this->bindValues($statement, $this->prepareBindings($bindings));
    411Γûò 
  Γ₧£ 412Γûò             $statement->execute();
    413Γûò 
    414Γûò             return $statement->fetchAll();
    415Γûò         });
    416Γûò     }

      [2m+14 vendor frames [22m
  15  tests/Feature/Estimation/TenantIsolationTest.php:58

  ΓöÇΓöÇΓöÇΓöÇΓöÇΓöÇΓöÇΓöÇΓöÇΓöÇΓöÇΓöÇΓöÇΓöÇΓöÇΓöÇΓöÇΓöÇΓöÇΓöÇΓöÇΓöÇΓöÇΓöÇΓöÇΓöÇΓöÇΓöÇΓöÇΓöÇΓöÇΓöÇΓöÇΓöÇΓöÇΓöÇΓöÇΓöÇΓöÇΓöÇΓöÇΓöÇΓöÇΓöÇΓöÇΓöÇΓöÇΓöÇΓöÇΓöÇΓöÇΓöÇΓöÇΓöÇΓöÇΓöÇΓöÇΓöÇΓöÇΓöÇΓöÇΓöÇΓöÇΓöÇΓöÇΓöÇΓöÇΓöÇΓöÇΓöÇΓöÇΓöÇΓöÇΓöÇΓöÇΓöÇ  
   FAILED  Tests\Feature\PlanFeatureGateTest > starter planΓÇª   QueryException   
  SQLSTATE[23502]: Not null violation: 7 ERROR:  null value in column "company_id" of relation "employees" violates not-null constraint
DETAIL:  Failing row contains (1, null, null, null, null, Manager, null, Principal, null, manager@company.test, null, null, $2y$04$OOaUv2Z0QU/D0BK8xFXhrO15eGrqXFyrtKweuLYRZrFHHl8ob0Oo6, null, null, null, null, null, null, null, CDI, 2026-04-19, null, fixed, 0.00, 0.00, manager, principal, null, active, null, f, f, null, null, null, null, null, null, null, null, null, null, 2026-04-19 10:29:06, 2026-04-19 10:29:06). (Connection: pgsql, SQL: insert into "employees" ("first_name", "last_name", "email", "password_hash", "role", "manager_role", "status", "updated_at", "created_at") values (Manager, Principal, manager@company.test, $2y$04$OOaUv2Z0QU/D0BK8xFXhrO15eGrqXFyrtKweuLYRZrFHHl8ob0Oo6, manager, principal, active, 2026-04-19 10:29:06, 2026-04-19 10:29:06) returning "id")

  at vendor/laravel/framework/src/Illuminate/Database/Connection.php:412
    408Γûò             );
    409Γûò 
    410Γûò             $this->bindValues($statement, $this->prepareBindings($bindings));
    411Γûò 
  Γ₧£ 412Γûò             $statement->execute();
    413Γûò 
    414Γûò             return $statement->fetchAll();
    415Γûò         });
    416Γûò     }

      [2m+14 vendor frames [22m
  15  tests/Feature/PlanFeatureGateTest.php:58

  ΓöÇΓöÇΓöÇΓöÇΓöÇΓöÇΓöÇΓöÇΓöÇΓöÇΓöÇΓöÇΓöÇΓöÇΓöÇΓöÇΓöÇΓöÇΓöÇΓöÇΓöÇΓöÇΓöÇΓöÇΓöÇΓöÇΓöÇΓöÇΓöÇΓöÇΓöÇΓöÇΓöÇΓöÇΓöÇΓöÇΓöÇΓöÇΓöÇΓöÇΓöÇΓöÇΓöÇΓöÇΓöÇΓöÇΓöÇΓöÇΓöÇΓöÇΓöÇΓöÇΓöÇΓöÇΓöÇΓöÇΓöÇΓöÇΓöÇΓöÇΓöÇΓöÇΓöÇΓöÇΓöÇΓöÇΓöÇΓöÇΓöÇΓöÇΓöÇΓöÇΓöÇΓöÇΓöÇΓöÇ  
   FAILED  Tests\Feature\PlatformCompanyProvisioningTest > super admin can cΓÇª   
  Expected response status code [201] but received 500.
Failed asserting that 500 is identical to 201.

  at tests/Feature/PlatformCompanyProvisioningTest.php:61
     57Γûò                 'manager_last_name' => 'Kaci',
     58Γûò                 'manager_email' => 'salim.kaci@nouvelle-societe.dz',
     59Γûò             ]);
     60Γûò 
  Γ₧£  61Γûò         $response->assertCreated();
     62Γûò         $response->assertJsonPath('data.company.name', 'Nouvelle Societe');
     63Γûò         $response->assertJsonPath('data.manager.role', 'manager');
     64Γûò         $response->assertJsonPath('data.manager.manager_role', 'principal');
     65Γûò         $response->assertJsonPath('data.company.language', 'fr');

  ΓöÇΓöÇΓöÇΓöÇΓöÇΓöÇΓöÇΓöÇΓöÇΓöÇΓöÇΓöÇΓöÇΓöÇΓöÇΓöÇΓöÇΓöÇΓöÇΓöÇΓöÇΓöÇΓöÇΓöÇΓöÇΓöÇΓöÇΓöÇΓöÇΓöÇΓöÇΓöÇΓöÇΓöÇΓöÇΓöÇΓöÇΓöÇΓöÇΓöÇΓöÇΓöÇΓöÇΓöÇΓöÇΓöÇΓöÇΓöÇΓöÇΓöÇΓöÇΓöÇΓöÇΓöÇΓöÇΓöÇΓöÇΓöÇΓöÇΓöÇΓöÇΓöÇΓöÇΓöÇΓöÇΓöÇΓöÇΓöÇΓöÇΓöÇΓöÇΓöÇΓöÇΓöÇΓöÇΓöÇ  
   FAILED  Tests\Feature\PlatformCompanyProvisioningTest > super admin api lΓÇª   
  Expected response status code [200] but received 500.
Failed asserting that 500 is identical to 200.

  at tests/Feature/PlatformCompanyProvisioningTest.php:105
    101Γûò             'password' => 'admin',
    102Γûò             'device_name' => 'tests',
    103Γûò         ]);
    104Γûò 
  Γ₧£ 105Γûò         $response->assertOk();
    106Γûò         $response->assertJsonPath('data.email', 'admin@leopardo-rh.com');
    107Γûò         $response->assertJsonPath('token_type', 'Bearer');
    108Γûò         $this->assertDatabaseHas('audit_logs', [
    109Γûò             'actor_type' => 'super_admin',

  ΓöÇΓöÇΓöÇΓöÇΓöÇΓöÇΓöÇΓöÇΓöÇΓöÇΓöÇΓöÇΓöÇΓöÇΓöÇΓöÇΓöÇΓöÇΓöÇΓöÇΓöÇΓöÇΓöÇΓöÇΓöÇΓöÇΓöÇΓöÇΓöÇΓöÇΓöÇΓöÇΓöÇΓöÇΓöÇΓöÇΓöÇΓöÇΓöÇΓöÇΓöÇΓöÇΓöÇΓöÇΓöÇΓöÇΓöÇΓöÇΓöÇΓöÇΓöÇΓöÇΓöÇΓöÇΓöÇΓöÇΓöÇΓöÇΓöÇΓöÇΓöÇΓöÇΓöÇΓöÇΓöÇΓöÇΓöÇΓöÇΓöÇΓöÇΓöÇΓöÇΓöÇΓöÇΓöÇΓöÇ  
   FAILED  Tests\Feature\TenantIsolationTest > employee scopΓÇª  QueryException   
  SQLSTATE[42P01]: Undefined table: 7 ERROR:  relation "employees" does not exist
LINE 1: insert into "employees" ("email", "password_hash", "company_...
                    ^ (Connection: pgsql, SQL: insert into "employees" ("email", "password_hash", "company_id", "updated_at", "created_at") values (a.employee@test.local, $2y$04$b8vv8wxm.tcNUcLs8ur4jedxy9TQSBmrfclbiiC2A/UcC1mmkkhv., a19490d3-2650-4d94-b29e-c74766dd0a88, 2026-04-19 10:29:30, 2026-04-19 10:29:30) returning "id")

  at vendor/laravel/framework/src/Illuminate/Database/Connection.php:412
    408Γûò             );
    409Γûò 
    410Γûò             $this->bindValues($statement, $this->prepareBindings($bindings));
    411Γûò 
  Γ₧£ 412Γûò             $statement->execute();
    413Γûò 
    414Γûò             return $statement->fetchAll();
    415Γûò         });
    416Γûò     }

      [2m+14 vendor frames [22m
  15  tests/Feature/TenantIsolationTest.php:89

  ΓöÇΓöÇΓöÇΓöÇΓöÇΓöÇΓöÇΓöÇΓöÇΓöÇΓöÇΓöÇΓöÇΓöÇΓöÇΓöÇΓöÇΓöÇΓöÇΓöÇΓöÇΓöÇΓöÇΓöÇΓöÇΓöÇΓöÇΓöÇΓöÇΓöÇΓöÇΓöÇΓöÇΓöÇΓöÇΓöÇΓöÇΓöÇΓöÇΓöÇΓöÇΓöÇΓöÇΓöÇΓöÇΓöÇΓöÇΓöÇΓöÇΓöÇΓöÇΓöÇΓöÇΓöÇΓöÇΓöÇΓöÇΓöÇΓöÇΓöÇΓöÇΓöÇΓöÇΓöÇΓöÇΓöÇΓöÇΓöÇΓöÇΓöÇΓöÇΓöÇΓöÇΓöÇΓöÇΓöÇ  
   FAILED  Tests\Feature\WebAuthPagesTest > manager can logiΓÇª  QueryException   
  SQLSTATE[23502]: Not null violation: 7 ERROR:  null value in column "company_id" of relation "employees" violates not-null constraint
DETAIL:  Failing row contains (1, null, null, null, null, null, null, null, null, manager@company.test, null, null, $2y$04$HpirANxhQCj0M2huvQ1MiutfvBNfEEYCNmWpK2yVWmcbaZET.d4o., null, null, null, null, null, null, null, CDI, 2026-04-19, null, fixed, 0.00, 0.00, manager, null, null, active, null, f, f, null, null, null, null, null, null, null, null, null, null, 2026-04-19 10:29:46, 2026-04-19 10:29:46). (Connection: pgsql, SQL: insert into "employees" ("email", "password_hash", "role", "status", "updated_at", "created_at") values (manager@company.test, $2y$04$HpirANxhQCj0M2huvQ1MiutfvBNfEEYCNmWpK2yVWmcbaZET.d4o., manager, active, 2026-04-19 10:29:46, 2026-04-19 10:29:46) returning "id")

  at vendor/laravel/framework/src/Illuminate/Database/Connection.php:412
    408Γûò             );
    409Γûò 
    410Γûò             $this->bindValues($statement, $this->prepareBindings($bindings));
    411Γûò 
  Γ₧£ 412Γûò             $statement->execute();
    413Γûò 
    414Γûò             return $statement->fetchAll();
    415Γûò         });
    416Γûò     }

      [2m+14 vendor frames [22m
  15  tests/Feature/WebAuthPagesTest.php:48

  ΓöÇΓöÇΓöÇΓöÇΓöÇΓöÇΓöÇΓöÇΓöÇΓöÇΓöÇΓöÇΓöÇΓöÇΓöÇΓöÇΓöÇΓöÇΓöÇΓöÇΓöÇΓöÇΓöÇΓöÇΓöÇΓöÇΓöÇΓöÇΓöÇΓöÇΓöÇΓöÇΓöÇΓöÇΓöÇΓöÇΓöÇΓöÇΓöÇΓöÇΓöÇΓöÇΓöÇΓöÇΓöÇΓöÇΓöÇΓöÇΓöÇΓöÇΓöÇΓöÇΓöÇΓöÇΓöÇΓöÇΓöÇΓöÇΓöÇΓöÇΓöÇΓöÇΓöÇΓöÇΓöÇΓöÇΓöÇΓöÇΓöÇΓöÇΓöÇΓöÇΓöÇΓöÇΓöÇΓöÇ  
   FAILED  Tests\Feature\WebAuthPagesTest > employee cannotΓÇª   QueryException   
  SQLSTATE[23502]: Not null violation: 7 ERROR:  null value in column "company_id" of relation "employees" violates not-null constraint
DETAIL:  Failing row contains (1, null, null, null, null, null, null, null, null, employee@company.test, null, null, $2y$04$zzYOvOV5O9mdni.pFUZ4IedDZmj4Upl/ABQp8KH2VqXxxMi40etwm, null, null, null, null, null, null, null, CDI, 2026-04-19, null, fixed, 0.00, 0.00, employee, null, null, active, null, f, f, null, null, null, null, null, null, null, null, null, null, 2026-04-19 10:29:58, 2026-04-19 10:29:58). (Connection: pgsql, SQL: insert into "employees" ("email", "password_hash", "role", "status", "updated_at", "created_at") values (employee@company.test, $2y$04$zzYOvOV5O9mdni.pFUZ4IedDZmj4Upl/ABQp8KH2VqXxxMi40etwm, employee, active, 2026-04-19 10:29:58, 2026-04-19 10:29:58) returning "id")

  at vendor/laravel/framework/src/Illuminate/Database/Connection.php:412
    408Γûò             );
    409Γûò 
    410Γûò             $this->bindValues($statement, $this->prepareBindings($bindings));
    411Γûò 
  Γ₧£ 412Γûò             $statement->execute();
    413Γûò 
    414Γûò             return $statement->fetchAll();
    415Γûò         });
    416Γûò     }

      [2m+14 vendor frames [22m
  15  tests/Feature/WebAuthPagesTest.php:83

  ΓöÇΓöÇΓöÇΓöÇΓöÇΓöÇΓöÇΓöÇΓöÇΓöÇΓöÇΓöÇΓöÇΓöÇΓöÇΓöÇΓöÇΓöÇΓöÇΓöÇΓöÇΓöÇΓöÇΓöÇΓöÇΓöÇΓöÇΓöÇΓöÇΓöÇΓöÇΓöÇΓöÇΓöÇΓöÇΓöÇΓöÇΓöÇΓöÇΓöÇΓöÇΓöÇΓöÇΓöÇΓöÇΓöÇΓöÇΓöÇΓöÇΓöÇΓöÇΓöÇΓöÇΓöÇΓöÇΓöÇΓöÇΓöÇΓöÇΓöÇΓöÇΓöÇΓöÇΓöÇΓöÇΓöÇΓöÇΓöÇΓöÇΓöÇΓöÇΓöÇΓöÇΓöÇΓöÇΓöÇ  
   FAILED  Tests\Feature\WebAuthPagesTest > suspended companΓÇª  QueryException   
  SQLSTATE[23502]: Not null violation: 7 ERROR:  null value in column "company_id" of relation "employees" violates not-null constraint
DETAIL:  Failing row contains (1, null, null, null, null, null, null, null, null, manager@company.test, null, null, $2y$04$Q1u/V5yLwEvP4JbanqF20.YQfamnmQ26bbrvFaGq.lqR9842zxlvG, null, null, null, null, null, null, null, CDI, 2026-04-19, null, fixed, 0.00, 0.00, manager, null, null, active, null, f, f, null, null, null, null, null, null, null, null, null, null, 2026-04-19 10:30:06, 2026-04-19 10:30:06). (Connection: pgsql, SQL: insert into "employees" ("email", "password_hash", "role", "status", "updated_at", "created_at") values (manager@company.test, $2y$04$Q1u/V5yLwEvP4JbanqF20.YQfamnmQ26bbrvFaGq.lqR9842zxlvG, manager, active, 2026-04-19 10:30:06, 2026-04-19 10:30:06) returning "id")

  at vendor/laravel/framework/src/Illuminate/Database/Connection.php:412
    408Γûò             );
    409Γûò 
    410Γûò             $this->bindValues($statement, $this->prepareBindings($bindings));
    411Γûò 
  Γ₧£ 412Γûò             $statement->execute();
    413Γûò 
    414Γûò             return $statement->fetchAll();
    415Γûò         });
    416Γûò     }

      [2m+14 vendor frames [22m
  15  tests/Feature/WebAuthPagesTest.php:119

  ΓöÇΓöÇΓöÇΓöÇΓöÇΓöÇΓöÇΓöÇΓöÇΓöÇΓöÇΓöÇΓöÇΓöÇΓöÇΓöÇΓöÇΓöÇΓöÇΓöÇΓöÇΓöÇΓöÇΓöÇΓöÇΓöÇΓöÇΓöÇΓöÇΓöÇΓöÇΓöÇΓöÇΓöÇΓöÇΓöÇΓöÇΓöÇΓöÇΓöÇΓöÇΓöÇΓöÇΓöÇΓöÇΓöÇΓöÇΓöÇΓöÇΓöÇΓöÇΓöÇΓöÇΓöÇΓöÇΓöÇΓöÇΓöÇΓöÇΓöÇΓöÇΓöÇΓöÇΓöÇΓöÇΓöÇΓöÇΓöÇΓöÇΓöÇΓöÇΓöÇΓöÇΓöÇΓöÇΓöÇ  
   FAILED  Tests\Feature\WebManagerPagesTest > manager can oΓÇª  QueryException   
  SQLSTATE[23502]: Not null violation: 7 ERROR:  null value in column "company_id" of relation "employees" violates not-null constraint
DETAIL:  Failing row contains (1, null, null, null, null, Manager, null, One, null, manager@company.test, null, null, $2y$04$Td2CWYLR4N9cZHgxDu4YCeNdCZCKfuxeimVJ7ATUNbn8z7NwXNAfK, null, null, null, null, null, null, null, CDI, 2026-04-19, null, daily, 800.00, 0.00, manager, null, null, active, null, f, f, null, null, null, null, null, null, null, null, null, null, 2026-04-19 10:30:14, 2026-04-19 10:30:14). (Connection: pgsql, SQL: insert into "employees" ("first_name", "last_name", "email", "password_hash", "role", "status", "salary_type", "salary_base", "updated_at", "created_at") values (Manager, One, manager@company.test, $2y$04$Td2CWYLR4N9cZHgxDu4YCeNdCZCKfuxeimVJ7ATUNbn8z7NwXNAfK, manager, active, daily, 800, 2026-04-19 10:30:14, 2026-04-19 10:30:14) returning "id")

  at vendor/laravel/framework/src/Illuminate/Database/Connection.php:412
    408Γûò             );
    409Γûò 
    410Γûò             $this->bindValues($statement, $this->prepareBindings($bindings));
    411Γûò 
  Γ₧£ 412Γûò             $statement->execute();
    413Γûò 
    414Γûò             return $statement->fetchAll();
    415Γûò         });
    416Γûò     }

      [2m+14 vendor frames [22m
  15  tests/Feature/WebManagerPagesTest.php:174
  16  tests/Feature/WebManagerPagesTest.php:30

  ΓöÇΓöÇΓöÇΓöÇΓöÇΓöÇΓöÇΓöÇΓöÇΓöÇΓöÇΓöÇΓöÇΓöÇΓöÇΓöÇΓöÇΓöÇΓöÇΓöÇΓöÇΓöÇΓöÇΓöÇΓöÇΓöÇΓöÇΓöÇΓöÇΓöÇΓöÇΓöÇΓöÇΓöÇΓöÇΓöÇΓöÇΓöÇΓöÇΓöÇΓöÇΓöÇΓöÇΓöÇΓöÇΓöÇΓöÇΓöÇΓöÇΓöÇΓöÇΓöÇΓöÇΓöÇΓöÇΓöÇΓöÇΓöÇΓöÇΓöÇΓöÇΓöÇΓöÇΓöÇΓöÇΓöÇΓöÇΓöÇΓöÇΓöÇΓöÇΓöÇΓöÇΓöÇΓöÇΓöÇ  
   FAILED  Tests\Feature\WebManagerPagesTest > employee is fΓÇª  QueryException   
  SQLSTATE[23502]: Not null violation: 7 ERROR:  null value in column "company_id" of relation "employees" violates not-null constraint
DETAIL:  Failing row contains (1, null, null, null, null, Manager, null, One, null, manager@company.test, null, null, $2y$04$O.F25MQiyY.0wMhjiJDVi.E4Xwsrkk62tRxAVmRKWf6AqmKd6cKha, null, null, null, null, null, null, null, CDI, 2026-04-19, null, daily, 800.00, 0.00, manager, null, null, active, null, f, f, null, null, null, null, null, null, null, null, null, null, 2026-04-19 10:30:21, 2026-04-19 10:30:21). (Connection: pgsql, SQL: insert into "employees" ("first_name", "last_name", "email", "password_hash", "role", "status", "salary_type", "salary_base", "updated_at", "created_at") values (Manager, One, manager@company.test, $2y$04$O.F25MQiyY.0wMhjiJDVi.E4Xwsrkk62tRxAVmRKWf6AqmKd6cKha, manager, active, daily, 800, 2026-04-19 10:30:21, 2026-04-19 10:30:21) returning "id")

  at vendor/laravel/framework/src/Illuminate/Database/Connection.php:412
    408Γûò             );
    409Γûò 
    410Γûò             $this->bindValues($statement, $this->prepareBindings($bindings));
    411Γûò 
  Γ₧£ 412Γûò             $statement->execute();
    413Γûò 
    414Γûò             return $statement->fetchAll();
    415Γûò         });
    416Γûò     }

      [2m+14 vendor frames [22m
  15  tests/Feature/WebManagerPagesTest.php:174
  16  tests/Feature/WebManagerPagesTest.php:53

  ΓöÇΓöÇΓöÇΓöÇΓöÇΓöÇΓöÇΓöÇΓöÇΓöÇΓöÇΓöÇΓöÇΓöÇΓöÇΓöÇΓöÇΓöÇΓöÇΓöÇΓöÇΓöÇΓöÇΓöÇΓöÇΓöÇΓöÇΓöÇΓöÇΓöÇΓöÇΓöÇΓöÇΓöÇΓöÇΓöÇΓöÇΓöÇΓöÇΓöÇΓöÇΓöÇΓöÇΓöÇΓöÇΓöÇΓöÇΓöÇΓöÇΓöÇΓöÇΓöÇΓöÇΓöÇΓöÇΓöÇΓöÇΓöÇΓöÇΓöÇΓöÇΓöÇΓöÇΓöÇΓöÇΓöÇΓöÇΓöÇΓöÇΓöÇΓöÇΓöÇΓöÇΓöÇΓöÇΓöÇ  
   FAILED  Tests\Feature\WebManagerPagesTest > guest is rediΓÇª  QueryException   
  SQLSTATE[42P01]: Undefined table: 7 ERROR:  relation "companies" does not exist
LINE 1: insert into "companies" ("name", "slug", "sector", "country"...
                    ^ (Connection: pgsql, SQL: insert into "companies" ("name", "slug", "sector", "country", "city", "email", "schema_name", "tenancy_type", "status", "timezone", "currency", "id", "updated_at", "created_at") values (Company A, company-a, restaurant, DZ, Alger, a@company.test, shared_tenants, shared, active, UTC, DZD, a1949133-5ef1-47b5-b14b-f994d38b81c4, 2026-04-19 10:30:32, 2026-04-19 10:30:32))

  at vendor/laravel/framework/src/Illuminate/Database/Connection.php:571
    567Γûò             $this->bindValues($statement, $this->prepareBindings($bindings));
    568Γûò 
    569Γûò             $this->recordsHaveBeenModified();
    570Γûò 
  Γ₧£ 571Γûò             return $statement->execute();
    572Γûò         });
    573Γûò     }
    574Γûò 
    575Γûò     /**

      [2m+12 vendor frames [22m
  13  tests/Feature/WebManagerPagesTest.php:160
  14  tests/Feature/WebManagerPagesTest.php:62

  ΓöÇΓöÇΓöÇΓöÇΓöÇΓöÇΓöÇΓöÇΓöÇΓöÇΓöÇΓöÇΓöÇΓöÇΓöÇΓöÇΓöÇΓöÇΓöÇΓöÇΓöÇΓöÇΓöÇΓöÇΓöÇΓöÇΓöÇΓöÇΓöÇΓöÇΓöÇΓöÇΓöÇΓöÇΓöÇΓöÇΓöÇΓöÇΓöÇΓöÇΓöÇΓöÇΓöÇΓöÇΓöÇΓöÇΓöÇΓöÇΓöÇΓöÇΓöÇΓöÇΓöÇΓöÇΓöÇΓöÇΓöÇΓöÇΓöÇΓöÇΓöÇΓöÇΓöÇΓöÇΓöÇΓöÇΓöÇΓöÇΓöÇΓöÇΓöÇΓöÇΓöÇΓöÇΓöÇΓöÇ  
   FAILED  Tests\Feature\WebManagerPagesTest > manager can oΓÇª  QueryException   
  SQLSTATE[23502]: Not null violation: 7 ERROR:  null value in column "company_id" of relation "employees" violates not-null constraint
DETAIL:  Failing row contains (1, null, null, null, null, Manager, null, One, null, manager@company.test, null, null, $2y$04$.8y0.l/eLEi7yBetqXpfZeuJsozFVbVr7HIEVct1l9sWmVnI3BeGm, null, null, null, null, null, null, null, CDI, 2026-04-19, null, daily, 800.00, 0.00, manager, null, null, active, null, f, f, null, null, null, null, null, null, null, null, null, null, 2026-04-19 10:30:40, 2026-04-19 10:30:40). (Connection: pgsql, SQL: insert into "employees" ("first_name", "last_name", "email", "password_hash", "role", "status", "salary_type", "salary_base", "updated_at", "created_at") values (Manager, One, manager@company.test, $2y$04$.8y0.l/eLEi7yBetqXpfZeuJsozFVbVr7HIEVct1l9sWmVnI3BeGm, manager, active, daily, 800, 2026-04-19 10:30:40, 2026-04-19 10:30:40) returning "id")

  at vendor/laravel/framework/src/Illuminate/Database/Connection.php:412
    408Γûò             );
    409Γûò 
    410Γûò             $this->bindValues($statement, $this->prepareBindings($bindings));
    411Γûò 
  Γ₧£ 412Γûò             $statement->execute();
    413Γûò 
    414Γûò             return $statement->fetchAll();
    415Γûò         });
    416Γûò     }

      [2m+14 vendor frames [22m
  15  tests/Feature/WebManagerPagesTest.php:174
  16  tests/Feature/WebManagerPagesTest.php:76

  ΓöÇΓöÇΓöÇΓöÇΓöÇΓöÇΓöÇΓöÇΓöÇΓöÇΓöÇΓöÇΓöÇΓöÇΓöÇΓöÇΓöÇΓöÇΓöÇΓöÇΓöÇΓöÇΓöÇΓöÇΓöÇΓöÇΓöÇΓöÇΓöÇΓöÇΓöÇΓöÇΓöÇΓöÇΓöÇΓöÇΓöÇΓöÇΓöÇΓöÇΓöÇΓöÇΓöÇΓöÇΓöÇΓöÇΓöÇΓöÇΓöÇΓöÇΓöÇΓöÇΓöÇΓöÇΓöÇΓöÇΓöÇΓöÇΓöÇΓöÇΓöÇΓöÇΓöÇΓöÇΓöÇΓöÇΓöÇΓöÇΓöÇΓöÇΓöÇΓöÇΓöÇΓöÇΓöÇΓöÇ  
   FAILED  Tests\Feature\WebManagerPagesTest > employee is fΓÇª  QueryException   
  SQLSTATE[23502]: Not null violation: 7 ERROR:  null value in column "company_id" of relation "employees" violates not-null constraint
DETAIL:  Failing row contains (1, null, null, null, null, Manager, null, One, null, manager@company.test, null, null, $2y$04$m70zUnRAc45XEuJexUiIBOROvF3qcNZjX1l0efpEWbnkRXPWXzupG, null, null, null, null, null, null, null, CDI, 2026-04-19, null, daily, 800.00, 0.00, manager, null, null, active, null, f, f, null, null, null, null, null, null, null, null, null, null, 2026-04-19 10:30:45, 2026-04-19 10:30:45). (Connection: pgsql, SQL: insert into "employees" ("first_name", "last_name", "email", "password_hash", "role", "status", "salary_type", "salary_base", "updated_at", "created_at") values (Manager, One, manager@company.test, $2y$04$m70zUnRAc45XEuJexUiIBOROvF3qcNZjX1l0efpEWbnkRXPWXzupG, manager, active, daily, 800, 2026-04-19 10:30:45, 2026-04-19 10:30:45) returning "id")

  at vendor/laravel/framework/src/Illuminate/Database/Connection.php:412
    408Γûò             );
    409Γûò 
    410Γûò             $this->bindValues($statement, $this->prepareBindings($bindings));
    411Γûò 
  Γ₧£ 412Γûò             $statement->execute();
    413Γûò 
    414Γûò             return $statement->fetchAll();
    415Γûò         });
    416Γûò     }

      [2m+14 vendor frames [22m
  15  tests/Feature/WebManagerPagesTest.php:174
  16  tests/Feature/WebManagerPagesTest.php:109

  ΓöÇΓöÇΓöÇΓöÇΓöÇΓöÇΓöÇΓöÇΓöÇΓöÇΓöÇΓöÇΓöÇΓöÇΓöÇΓöÇΓöÇΓöÇΓöÇΓöÇΓöÇΓöÇΓöÇΓöÇΓöÇΓöÇΓöÇΓöÇΓöÇΓöÇΓöÇΓöÇΓöÇΓöÇΓöÇΓöÇΓöÇΓöÇΓöÇΓöÇΓöÇΓöÇΓöÇΓöÇΓöÇΓöÇΓöÇΓöÇΓöÇΓöÇΓöÇΓöÇΓöÇΓöÇΓöÇΓöÇΓöÇΓöÇΓöÇΓöÇΓöÇΓöÇΓöÇΓöÇΓöÇΓöÇΓöÇΓöÇΓöÇΓöÇΓöÇΓöÇΓöÇΓöÇΓöÇΓöÇ  
   FAILED  Tests\Feature\WebManagerPagesTest > manager cannoΓÇª  QueryException   
  SQLSTATE[23502]: Not null violation: 7 ERROR:  null value in column "company_id" of relation "employees" violates not-null constraint
DETAIL:  Failing row contains (1, null, null, null, null, Manager, null, One, null, manager@company.test, null, null, $2y$04$HaygXEvb35LfeasRzDwRI.rubWxtPaIML.Nq9mzE0iZkvZQQ8rEGi, null, null, null, null, null, null, null, CDI, 2026-04-19, null, daily, 800.00, 0.00, manager, null, null, active, null, f, f, null, null, null, null, null, null, null, null, null, null, 2026-04-19 10:30:52, 2026-04-19 10:30:52). (Connection: pgsql, SQL: insert into "employees" ("first_name", "last_name", "email", "password_hash", "role", "status", "salary_type", "salary_base", "updated_at", "created_at") values (Manager, One, manager@company.test, $2y$04$HaygXEvb35LfeasRzDwRI.rubWxtPaIML.Nq9mzE0iZkvZQQ8rEGi, manager, active, daily, 800, 2026-04-19 10:30:52, 2026-04-19 10:30:52) returning "id")

  at vendor/laravel/framework/src/Illuminate/Database/Connection.php:412
    408Γûò             );
    409Γûò 
    410Γûò             $this->bindValues($statement, $this->prepareBindings($bindings));
    411Γûò 
  Γ₧£ 412Γûò             $statement->execute();
    413Γûò 
    414Γûò             return $statement->fetchAll();
    415Γûò         });
    416Γûò     }

      [2m+14 vendor frames [22m
  15  tests/Feature/WebManagerPagesTest.php:174
  16  tests/Feature/WebManagerPagesTest.php:125


  Tests:    75 failed, 6 passed (10 assertions)
  Duration: 569.13s

