﻿
   FAIL  Tests\Feature\PlatformManagementTest
  Γ¿» super admin can view dashboard
  Γ¿» super admin can update company plan and status
  Γ¿» super admin can suspend company
  Γ¿» suspended company blocks auth login
  ΓöÇΓöÇΓöÇΓöÇΓöÇΓöÇΓöÇΓöÇΓöÇΓöÇΓöÇΓöÇΓöÇΓöÇΓöÇΓöÇΓöÇΓöÇΓöÇΓöÇΓöÇΓöÇΓöÇΓöÇΓöÇΓöÇΓöÇΓöÇΓöÇΓöÇΓöÇΓöÇΓöÇΓöÇΓöÇΓöÇΓöÇΓöÇΓöÇΓöÇΓöÇΓöÇΓöÇΓöÇΓöÇΓöÇΓöÇΓöÇΓöÇΓöÇΓöÇΓöÇΓöÇΓöÇΓöÇΓöÇΓöÇΓöÇΓöÇΓöÇΓöÇΓöÇΓöÇΓöÇΓöÇΓöÇΓöÇΓöÇΓöÇΓöÇΓöÇΓöÇΓöÇΓöÇΓöÇΓöÇ  
   FAILED  Tests\Feature\PlatformManagementTest > super admiΓÇª  QueryException   
  SQLSTATE[23502]: Not null violation: 7 ERROR:  null value in column "slug" of relation "companies" violates not-null constraint
DETAIL:  Failing row contains (a194a714-0add-4deb-8dc6-d44b07232ac2, Test Company, null, IT, DZ, Alger, null, contact@testco.com, null, 1, shared_tenants, shared, active, null, null, fr, Africa/Algiers, DZD, null, 2026-04-19 11:31:43, 2026-04-19 11:31:43). (Connection: pgsql, SQL: insert into "companies" ("name", "email", "country", "city", "sector", "language", "plan_id", "status", "tenancy_type", "schema_name", "id", "updated_at", "created_at") values (Test Company, contact@testco.com, DZ, Alger, IT, fr, 1, active, shared, shared_tenants, a194a714-0add-4deb-8dc6-d44b07232ac2, 2026-04-19 11:31:43, 2026-04-19 11:31:43))

  at vendor/laravel/framework/src/Illuminate/Database/Connection.php:571
    567Γûò             $this->bindValues($statement, $this->prepareBindings($bindings));
    568Γûò 
    569Γûò             $this->recordsHaveBeenModified();
    570Γûò 
  Γ₧£ 571Γûò             return $statement->execute();
    572Γûò         });
    573Γûò     }
    574Γûò 
    575Γûò     /**

      [2m+15 vendor frames [22m
  16  tests/Feature/PlatformManagementTest.php:41

  ΓöÇΓöÇΓöÇΓöÇΓöÇΓöÇΓöÇΓöÇΓöÇΓöÇΓöÇΓöÇΓöÇΓöÇΓöÇΓöÇΓöÇΓöÇΓöÇΓöÇΓöÇΓöÇΓöÇΓöÇΓöÇΓöÇΓöÇΓöÇΓöÇΓöÇΓöÇΓöÇΓöÇΓöÇΓöÇΓöÇΓöÇΓöÇΓöÇΓöÇΓöÇΓöÇΓöÇΓöÇΓöÇΓöÇΓöÇΓöÇΓöÇΓöÇΓöÇΓöÇΓöÇΓöÇΓöÇΓöÇΓöÇΓöÇΓöÇΓöÇΓöÇΓöÇΓöÇΓöÇΓöÇΓöÇΓöÇΓöÇΓöÇΓöÇΓöÇΓöÇΓöÇΓöÇΓöÇΓöÇ  
   FAILED  Tests\Feature\PlatformManagementTest > super admiΓÇª  QueryException   
  SQLSTATE[23502]: Not null violation: 7 ERROR:  null value in column "slug" of relation "companies" violates not-null constraint
DETAIL:  Failing row contains (a194a72e-7d12-4338-953f-fa616e94b72f, Test Company, null, IT, DZ, Alger, null, contact@testco.com, null, 1, shared_tenants, shared, active, null, null, fr, Africa/Algiers, DZD, null, 2026-04-19 11:32:00, 2026-04-19 11:32:00). (Connection: pgsql, SQL: insert into "companies" ("name", "email", "country", "city", "sector", "language", "plan_id", "status", "tenancy_type", "schema_name", "id", "updated_at", "created_at") values (Test Company, contact@testco.com, DZ, Alger, IT, fr, 1, active, shared, shared_tenants, a194a72e-7d12-4338-953f-fa616e94b72f, 2026-04-19 11:32:00, 2026-04-19 11:32:00))

  at vendor/laravel/framework/src/Illuminate/Database/Connection.php:571
    567Γûò             $this->bindValues($statement, $this->prepareBindings($bindings));
    568Γûò 
    569Γûò             $this->recordsHaveBeenModified();
    570Γûò 
  Γ₧£ 571Γûò             return $statement->execute();
    572Γûò         });
    573Γûò     }
    574Γûò 
    575Γûò     /**

      [2m+15 vendor frames [22m
  16  tests/Feature/PlatformManagementTest.php:41

  ΓöÇΓöÇΓöÇΓöÇΓöÇΓöÇΓöÇΓöÇΓöÇΓöÇΓöÇΓöÇΓöÇΓöÇΓöÇΓöÇΓöÇΓöÇΓöÇΓöÇΓöÇΓöÇΓöÇΓöÇΓöÇΓöÇΓöÇΓöÇΓöÇΓöÇΓöÇΓöÇΓöÇΓöÇΓöÇΓöÇΓöÇΓöÇΓöÇΓöÇΓöÇΓöÇΓöÇΓöÇΓöÇΓöÇΓöÇΓöÇΓöÇΓöÇΓöÇΓöÇΓöÇΓöÇΓöÇΓöÇΓöÇΓöÇΓöÇΓöÇΓöÇΓöÇΓöÇΓöÇΓöÇΓöÇΓöÇΓöÇΓöÇΓöÇΓöÇΓöÇΓöÇΓöÇΓöÇΓöÇ  
   FAILED  Tests\Feature\PlatformManagementTest > super admiΓÇª  QueryException   
  SQLSTATE[23502]: Not null violation: 7 ERROR:  null value in column "slug" of relation "companies" violates not-null constraint
DETAIL:  Failing row contains (a194a749-0727-4275-8241-58fecc377e8b, Test Company, null, IT, DZ, Alger, null, contact@testco.com, null, 1, shared_tenants, shared, active, null, null, fr, Africa/Algiers, DZD, null, 2026-04-19 11:32:18, 2026-04-19 11:32:18). (Connection: pgsql, SQL: insert into "companies" ("name", "email", "country", "city", "sector", "language", "plan_id", "status", "tenancy_type", "schema_name", "id", "updated_at", "created_at") values (Test Company, contact@testco.com, DZ, Alger, IT, fr, 1, active, shared, shared_tenants, a194a749-0727-4275-8241-58fecc377e8b, 2026-04-19 11:32:18, 2026-04-19 11:32:18))

  at vendor/laravel/framework/src/Illuminate/Database/Connection.php:571
    567Γûò             $this->bindValues($statement, $this->prepareBindings($bindings));
    568Γûò 
    569Γûò             $this->recordsHaveBeenModified();
    570Γûò 
  Γ₧£ 571Γûò             return $statement->execute();
    572Γûò         });
    573Γûò     }
    574Γûò 
    575Γûò     /**

      [2m+15 vendor frames [22m
  16  tests/Feature/PlatformManagementTest.php:41

  ΓöÇΓöÇΓöÇΓöÇΓöÇΓöÇΓöÇΓöÇΓöÇΓöÇΓöÇΓöÇΓöÇΓöÇΓöÇΓöÇΓöÇΓöÇΓöÇΓöÇΓöÇΓöÇΓöÇΓöÇΓöÇΓöÇΓöÇΓöÇΓöÇΓöÇΓöÇΓöÇΓöÇΓöÇΓöÇΓöÇΓöÇΓöÇΓöÇΓöÇΓöÇΓöÇΓöÇΓöÇΓöÇΓöÇΓöÇΓöÇΓöÇΓöÇΓöÇΓöÇΓöÇΓöÇΓöÇΓöÇΓöÇΓöÇΓöÇΓöÇΓöÇΓöÇΓöÇΓöÇΓöÇΓöÇΓöÇΓöÇΓöÇΓöÇΓöÇΓöÇΓöÇΓöÇΓöÇΓöÇ  
   FAILED  Tests\Feature\PlatformManagementTest > suspendedΓÇª   QueryException   
  SQLSTATE[23502]: Not null violation: 7 ERROR:  null value in column "slug" of relation "companies" violates not-null constraint
DETAIL:  Failing row contains (a194a76a-cec3-49f8-a7da-32c338e90e70, Test Company, null, IT, DZ, Alger, null, contact@testco.com, null, 1, shared_tenants, shared, active, null, null, fr, Africa/Algiers, DZD, null, 2026-04-19 11:32:40, 2026-04-19 11:32:40). (Connection: pgsql, SQL: insert into "companies" ("name", "email", "country", "city", "sector", "language", "plan_id", "status", "tenancy_type", "schema_name", "id", "updated_at", "created_at") values (Test Company, contact@testco.com, DZ, Alger, IT, fr, 1, active, shared, shared_tenants, a194a76a-cec3-49f8-a7da-32c338e90e70, 2026-04-19 11:32:40, 2026-04-19 11:32:40))

  at vendor/laravel/framework/src/Illuminate/Database/Connection.php:571
    567Γûò             $this->bindValues($statement, $this->prepareBindings($bindings));
    568Γûò 
    569Γûò             $this->recordsHaveBeenModified();
    570Γûò 
  Γ₧£ 571Γûò             return $statement->execute();
    572Γûò         });
    573Γûò     }
    574Γûò 
    575Γûò     /**

      [2m+15 vendor frames [22m
  16  tests/Feature/PlatformManagementTest.php:41


  Tests:    4 failed (0 assertions)
  Duration: 98.31s

